
Optional file libmchp_peripheral.a not found

Optional file libmchp_peripheral_32MX360F512L.a not found
Archive member included because of file (symbol)

/Applications/microchip/xc32/v1.42/bin/bin/../../lib/gcc/pic32mx/4.8.3/libgcc.a(_ashldi3.o)
                              build/default/production/_ext/1360937237/ui.o (__ashldi3)
/Applications/microchip/xc32/v1.42/bin/bin/../../lib/gcc/pic32mx/4.8.3/../../../../pic32mx/lib/libpic32.a(default-bootstrap-exception-handler.o)
                              /Applications/microchip/xc32/v1.42/bin/bin/../../lib/gcc/pic32mx/4.8.3/../../../../pic32mx/lib/./proc/32MX360F512L/crt0_mips32r2.o (_bootstrap_exception_handler)
/Applications/microchip/xc32/v1.42/bin/bin/../../lib/gcc/pic32mx/4.8.3/../../../../pic32mx/lib/libpic32.a(default-on-reset.o)
                              /Applications/microchip/xc32/v1.42/bin/bin/../../lib/gcc/pic32mx/4.8.3/../../../../pic32mx/lib/./proc/32MX360F512L/crt0_mips32r2.o (_on_reset)
/Applications/microchip/xc32/v1.42/bin/bin/../../lib/gcc/pic32mx/4.8.3/../../../../pic32mx/lib/libpic32.a(default-on-bootstrap.o)
                              /Applications/microchip/xc32/v1.42/bin/bin/../../lib/gcc/pic32mx/4.8.3/../../../../pic32mx/lib/./proc/32MX360F512L/crt0_mips32r2.o (_on_bootstrap)
/Applications/microchip/xc32/v1.42/bin/bin/../../lib/gcc/pic32mx/4.8.3/../../../../pic32mx/lib/libpic32.a(default-nmi-handler.o)
                              /Applications/microchip/xc32/v1.42/bin/bin/../../lib/gcc/pic32mx/4.8.3/../../../../pic32mx/lib/./proc/32MX360F512L/crt0_mips32r2.o (_nmi_handler)
/Applications/microchip/xc32/v1.42/bin/bin/../../lib/gcc/pic32mx/4.8.3/../../../../pic32mx/lib/libpic32.a(general-exception.o)
                              /Applications/microchip/xc32/v1.42/bin/bin/../../lib/gcc/pic32mx/4.8.3/../../../../pic32mx/lib/./proc/32MX360F512L/crt0_mips32r2.o (_general_exception_context)
/Applications/microchip/xc32/v1.42/bin/bin/../../lib/gcc/pic32mx/4.8.3/../../../../pic32mx/lib/libpic32.a(vector0.o)
                              /Applications/microchip/xc32/v1.42/bin/bin/../../lib/gcc/pic32mx/4.8.3/../../../../pic32mx/lib/./proc/32MX360F512L/default_isr_vectors.o (__vector_dispatch_0)
/Applications/microchip/xc32/v1.42/bin/bin/../../lib/gcc/pic32mx/4.8.3/../../../../pic32mx/lib/libpic32.a(vector1.o)
                              /Applications/microchip/xc32/v1.42/bin/bin/../../lib/gcc/pic32mx/4.8.3/../../../../pic32mx/lib/./proc/32MX360F512L/default_isr_vectors.o (__vector_dispatch_1)
/Applications/microchip/xc32/v1.42/bin/bin/../../lib/gcc/pic32mx/4.8.3/../../../../pic32mx/lib/libpic32.a(vector2.o)
                              /Applications/microchip/xc32/v1.42/bin/bin/../../lib/gcc/pic32mx/4.8.3/../../../../pic32mx/lib/./proc/32MX360F512L/default_isr_vectors.o (__vector_dispatch_2)
/Applications/microchip/xc32/v1.42/bin/bin/../../lib/gcc/pic32mx/4.8.3/../../../../pic32mx/lib/libpic32.a(vector3.o)
                              /Applications/microchip/xc32/v1.42/bin/bin/../../lib/gcc/pic32mx/4.8.3/../../../../pic32mx/lib/./proc/32MX360F512L/default_isr_vectors.o (__vector_dispatch_3)
/Applications/microchip/xc32/v1.42/bin/bin/../../lib/gcc/pic32mx/4.8.3/../../../../pic32mx/lib/libpic32.a(vector5.o)
                              /Applications/microchip/xc32/v1.42/bin/bin/../../lib/gcc/pic32mx/4.8.3/../../../../pic32mx/lib/./proc/32MX360F512L/default_isr_vectors.o (__vector_dispatch_5)
/Applications/microchip/xc32/v1.42/bin/bin/../../lib/gcc/pic32mx/4.8.3/../../../../pic32mx/lib/libpic32.a(vector6.o)
                              /Applications/microchip/xc32/v1.42/bin/bin/../../lib/gcc/pic32mx/4.8.3/../../../../pic32mx/lib/./proc/32MX360F512L/default_isr_vectors.o (__vector_dispatch_6)
/Applications/microchip/xc32/v1.42/bin/bin/../../lib/gcc/pic32mx/4.8.3/../../../../pic32mx/lib/libpic32.a(vector7.o)
                              /Applications/microchip/xc32/v1.42/bin/bin/../../lib/gcc/pic32mx/4.8.3/../../../../pic32mx/lib/./proc/32MX360F512L/default_isr_vectors.o (__vector_dispatch_7)
/Applications/microchip/xc32/v1.42/bin/bin/../../lib/gcc/pic32mx/4.8.3/../../../../pic32mx/lib/libpic32.a(vector9.o)
                              /Applications/microchip/xc32/v1.42/bin/bin/../../lib/gcc/pic32mx/4.8.3/../../../../pic32mx/lib/./proc/32MX360F512L/default_isr_vectors.o (__vector_dispatch_9)
/Applications/microchip/xc32/v1.42/bin/bin/../../lib/gcc/pic32mx/4.8.3/../../../../pic32mx/lib/libpic32.a(vector10.o)
                              /Applications/microchip/xc32/v1.42/bin/bin/../../lib/gcc/pic32mx/4.8.3/../../../../pic32mx/lib/./proc/32MX360F512L/default_isr_vectors.o (__vector_dispatch_10)
/Applications/microchip/xc32/v1.42/bin/bin/../../lib/gcc/pic32mx/4.8.3/../../../../pic32mx/lib/libpic32.a(vector11.o)
                              /Applications/microchip/xc32/v1.42/bin/bin/../../lib/gcc/pic32mx/4.8.3/../../../../pic32mx/lib/./proc/32MX360F512L/default_isr_vectors.o (__vector_dispatch_11)
[...]
Memory Configuration

Name             Origin             Length             Attributes
kseg0_program_mem 0x9d000000         0x00080000         xr
kseg0_boot_mem   0x9fc00490         0x00000970
exception_mem    0x9fc01000         0x00001000
kseg1_boot_mem   0xbfc00000         0x00000490
debug_exec_mem   0xbfc02000         0x00000ff0
config3          0xbfc02ff0         0x00000004
config2          0xbfc02ff4         0x00000004
config1          0xbfc02ff8         0x00000004
config0          0xbfc02ffc         0x00000004
kseg1_data_mem   0xa0000000         0x00008000         w !x
sfrs             0xbf800000         0x00100000
configsfrs       0xbfc02ff0         0x00000010
*default*        0x00000000         0xffffffff

Linker script and memory map

LOAD /Applications/microchip/xc32/v1.42/bin/bin/../../lib/gcc/pic32mx/4.8.3/../../../../pic32mx/lib/./proc/32MX360F512L/crt0_mips32r2.o
LOAD /Applications/microchip/xc32/v1.42/bin/bin/../../lib/gcc/pic32mx/4.8.3/../../../../pic32mx/lib/debug-exception-return.o
LOAD build/default/production/_ext/1361460060/drv_adc_static.o
LOAD build/default/production/_ext/1407244131/drv_tmr_static.o
LOAD build/default/production/_ext/1407244131/drv_tmr_mapping.o
LOAD build/default/production/_ext/327000265/drv_usart_mapping.o
LOAD build/default/production/_ext/327000265/drv_usart_static.o
LOAD build/default/production/_ext/327000265/drv_usart_static_byte_model.o
LOAD build/default/production/_ext/639803181/sys_clk_static.o
LOAD build/default/production/_ext/822048611/sys_ports_static.o
LOAD build/default/production/_ext/1688732426/system_init.o
LOAD build/default/production/_ext/1688732426/system_interrupt.o
LOAD build/default/production/_ext/1688732426/system_exceptions.o
LOAD build/default/production/_ext/1688732426/system_tasks.o
LOAD build/default/production/_ext/1360937237/app.o
LOAD build/default/production/_ext/1360937237/main.o
LOAD build/default/production/_ext/1131074238/midi.o
LOAD build/default/production/_ext/1360937237/lcd.o
LOAD build/default/production/_ext/1360937237/ui.o
LOAD build/default/production/_ext/1360937237/looping.o
LOAD build/default/production/_ext/1360937237/visual.o
LOAD build/default/production/_ext/1360937237/game.o
LOAD build/default/production/_ext/1360937237/settings.o
LOAD build/default/production/_ext/1360937237/seq.o
LOAD build/default/production/_ext/1360937237/ble.o
LOAD build/default/production/_ext/1271179505/sys_devcon.o
LOAD build/default/production/_ext/1271179505/sys_devcon_pic32mx.o
LOAD build/default/production/_ext/122796885/sys_int_pic32.o
LOAD ../../../../bin/framework/peripheral/PIC32MX360F512L_peripherals.a
                0x00000001                __MPLAB_BUILD = 0x1
                0x00000000                _min_heap_size = 0x0
LOAD /Applications/microchip/xc32/v1.42/bin/bin/../../lib/gcc/pic32mx/4.8.3/../../../../pic32mx/lib/./proc/32MX360F512L/default_isr_vectors.o
LOAD /Applications/microchip/xc32/v1.42/bin/bin/../../lib/gcc/pic32mx/4.8.3/../../../../pic32mx/lib/pic32_software_reset.o
                0x00000400                PROVIDE (_min_stack_size, 0x400)
LOAD /Applications/microchip/xc32/v1.42/bin/bin/../../lib/gcc/pic32mx/4.8.3/../../../../pic32mx/lib/./proc/32MX360F512L/processor.o
START GROUP
LOAD libmchp_peripheral.a
END GROUP
START GROUP
LOAD libmchp_peripheral_32MX360F512L.a
END GROUP
                0x00000001                PROVIDE (_vector_spacing, 0x1)
                0x9fc01000                PROVIDE (_ebase_address, 0x9fc01000)
                0xbfc00000                _RESET_ADDR = 0xbfc00000
                0xbfc00380                _BEV_EXCPT_ADDR = 0xbfc00380
                0xbfc00480                _DBG_EXCPT_ADDR = 0xbfc00480
                0xbfc02000                _DBG_CODE_ADDR = 0xbfc02000
                0x00000ff0                _DBG_CODE_SIZE = 0xff0
                0x9fc01180                _GEN_EXCPT_ADDR = (_ebase_address + 0x180)

.config_BFC02FF0
                0xbfc02ff0        0x4
 *(.config_BFC02FF0)
 .config_BFC02FF0
                0xbfc02ff0        0x4 build/default/production/_ext/1688732426/system_init.o

.config_BFC02FF4
                0xbfc02ff4        0x4
 *(.config_BFC02FF4)
 .config_BFC02FF4
                0xbfc02ff4        0x4 build/default/production/_ext/1688732426/system_init.o

.config_BFC02FF8
                0xbfc02ff8        0x4
 *(.config_BFC02FF8)
 .config_BFC02FF8
                0xbfc02ff8        0x4 build/default/production/_ext/1688732426/system_init.o

.config_BFC02FFC
                0xbfc02ffc        0x4
 *(.config_BFC02FFC)
 .config_BFC02FFC
                0xbfc02ffc        0x4 build/default/production/_ext/1688732426/system_init.o
                0xbfc02000                PROVIDE (_DBG_CODE_ADDR, 0xbfc02000)
                0x00000ff0                PROVIDE (_DBG_CODE_SIZE, 0xff0)

.reset          0xbfc00000      0x208
 *(.reset)
 .reset         0xbfc00000        0x8 /Applications/microchip/xc32/v1.42/bin/bin/../../lib/gcc/pic32mx/4.8.3/../../../../pic32mx/lib/./proc/32MX360F512L/crt0_mips32r2.o
                0xbfc00000                _reset
 *(.reset.startup)
 .reset.startup
                0xbfc00008      0x200 /Applications/microchip/xc32/v1.42/bin/bin/../../lib/gcc/pic32mx/4.8.3/../../../../pic32mx/lib/./proc/32MX360F512L/crt0_mips32r2.o

.bev_excpt      0xbfc00380       0x10
 *(.bev_handler)
 .bev_handler   0xbfc00380       0x10 /Applications/microchip/xc32/v1.42/bin/bin/../../lib/gcc/pic32mx/4.8.3/../../../../pic32mx/lib/./proc/32MX360F512L/crt0_mips32r2.o

.dbg_excpt      0xbfc00480        0x0
                0xbfc00480                . = (. + DEFINED (_DEBUGGER)?0x8:0x0)

.dbg_code       0xbfc02000        0x0
                0xbfc02000                . = (. + DEFINED (_DEBUGGER)?_DBG_CODE_SIZE:0x0)

.app_excpt      0x9fc01180       0x10
 *(.gen_handler)
 .gen_handler   0x9fc01180       0x10 /Applications/microchip/xc32/v1.42/bin/bin/../../lib/gcc/pic32mx/4.8.3/../../../../pic32mx/lib/./proc/32MX360F512L/crt0_mips32r2.o

.vector_0       0x9fc01200        0x8
 *(.vector_0)
 .vector_0      0x9fc01200        0x8 /Applications/microchip/xc32/v1.42/bin/bin/../../lib/gcc/pic32mx/4.8.3/../../../../pic32mx/lib/libpic32.a(vector0.o)
                0x9fc01200                __vector_dispatch_0
                0x00000001                ASSERT (((_vector_spacing == 0x0) || (SIZEOF (.vector_0) <= (_vector_spacing << 0x5))), function at exception vector 0 too large)

.vector_1       0x9fc01220        0x8
 *(.vector_1)
 .vector_1      0x9fc01220        0x8 /Applications/microchip/xc32/v1.42/bin/bin/../../lib/gcc/pic32mx/4.8.3/../../../../pic32mx/lib/libpic32.a(vector1.o)
                0x9fc01220                __vector_dispatch_1
                0x00000001                ASSERT (((_vector_spacing == 0x0) || (SIZEOF (.vector_1) <= (_vector_spacing << 0x5))), function at exception vector 1 too large)

.vector_2       0x9fc01240        0x8
 *(.vector_2)
 .vector_2      0x9fc01240        0x8 /Applications/microchip/xc32/v1.42/bin/bin/../../lib/gcc/pic32mx/4.8.3/../../../../pic32mx/lib/libpic32.a(vector2.o)
                0x9fc01240                __vector_dispatch_2
                0x00000001                ASSERT (((_vector_spacing == 0x0) || (SIZEOF (.vector_2) <= (_vector_spacing << 0x5))), function at exception vector 2 too large)

.vector_3       0x9fc01260        0x8
 *(.vector_3)
 .vector_3      0x9fc01260        0x8 /Applications/microchip/xc32/v1.42/bin/bin/../../lib/gcc/pic32mx/4.8.3/../../../../pic32mx/lib/libpic32.a(vector3.o)
                0x9fc01260                __vector_dispatch_3
                0x00000001                ASSERT (((_vector_spacing == 0x0) || (SIZEOF (.vector_3) <= (_vector_spacing << 0x5))), function at exception vector 3 too large)

.vector_4       0x9fc01280        0x8
 *(.vector_4)
 .vector_4      0x9fc01280        0x8 build/default/production/_ext/1688732426/system_interrupt.o
                0x9fc01280                __vector_dispatch_4
                0x00000001                ASSERT (((_vector_spacing == 0x0) || (SIZEOF (.vector_4) <= (_vector_spacing << 0x5))), function at exception vector 4 too large)

.vector_5       0x9fc012a0        0x8
 *(.vector_5)
 .vector_5      0x9fc012a0        0x8 /Applications/microchip/xc32/v1.42/bin/bin/../../lib/gcc/pic32mx/4.8.3/../../../../pic32mx/lib/libpic32.a(vector5.o)
                0x9fc012a0                __vector_dispatch_5
                0x00000001                ASSERT (((_vector_spacing == 0x0) || (SIZEOF (.vector_5) <= (_vector_spacing << 0x5))), function at exception vector 5 too large)

.vector_6       0x9fc012c0        0x8
 *(.vector_6)
 .vector_6      0x9fc012c0        0x8 /Applications/microchip/xc32/v1.42/bin/bin/../../lib/gcc/pic32mx/4.8.3/../../../../pic32mx/lib/libpic32.a(vector6.o)
                0x9fc012c0                __vector_dispatch_6
                0x00000001                ASSERT (((_vector_spacing == 0x0) || (SIZEOF (.vector_6) <= (_vector_spacing << 0x5))), function at exception vector 6 too large)

.vector_7       0x9fc012e0        0x8
 *(.vector_7)
 .vector_7      0x9fc012e0        0x8 /Applications/microchip/xc32/v1.42/bin/bin/../../lib/gcc/pic32mx/4.8.3/../../../../pic32mx/lib/libpic32.a(vector7.o)
                0x9fc012e0                __vector_dispatch_7
                0x00000001                ASSERT (((_vector_spacing == 0x0) || (SIZEOF (.vector_7) <= (_vector_spacing << 0x5))), function at exception vector 7 too large)

.vector_8       0x9fc01300        0x8
 *(.vector_8)
 .vector_8      0x9fc01300        0x8 build/default/production/_ext/1688732426/system_interrupt.o
                0x9fc01300                __vector_dispatch_8
                0x00000001                ASSERT (((_vector_spacing == 0x0) || (SIZEOF (.vector_8) <= (_vector_spacing << 0x5))), function at exception vector 8 too large)

.vector_9       0x9fc01320        0x8
 *(.vector_9)
 .vector_9      0x9fc01320        0x8 /Applications/microchip/xc32/v1.42/bin/bin/../../lib/gcc/pic32mx/4.8.3/../../../../pic32mx/lib/libpic32.a(vector9.o)
                0x9fc01320                __vector_dispatch_9
                0x00000001                ASSERT (((_vector_spacing == 0x0) || (SIZEOF (.vector_9) <= (_vector_spacing << 0x5))), function at exception vector 9 too large)

.vector_10      0x9fc01340        0x8
 *(.vector_10)
 .vector_10     0x9fc01340        0x8 /Applications/microchip/xc32/v1.42/bin/bin/../../lib/gcc/pic32mx/4.8.3/../../../../pic32mx/lib/libpic32.a(vector10.o)
                0x9fc01340                __vector_dispatch_10
                0x00000001                ASSERT (((_vector_spacing == 0x0) || (SIZEOF (.vector_10) <= (_vector_spacing << 0x5))), function at exception vector 10 too large)

.vector_11      0x9fc01360        0x8
 *(.vector_11)
 .vector_11     0x9fc01360        0x8 /Applications/microchip/xc32/v1.42/bin/bin/../../lib/gcc/pic32mx/4.8.3/../../../../pic32mx/lib/libpic32.a(vector11.o)
                0x9fc01360                __vector_dispatch_11
                0x00000001                ASSERT (((_vector_spacing == 0x0) || (SIZEOF (.vector_11) <= (_vector_spacing << 0x5))), function at exception vector 11 too large)

.vector_12      0x9fc01380        0x8
 *(.vector_12)
 .vector_12     0x9fc01380        0x8 build/default/production/_ext/1688732426/system_interrupt.o
                0x9fc01380                __vector_dispatch_12
                0x00000001                ASSERT (((_vector_spacing == 0x0) || (SIZEOF (.vector_12) <= (_vector_spacing << 0x5))), function at exception vector 12 too large)

.vector_13      0x9fc013a0        0x8
 *(.vector_13)
 .vector_13     0x9fc013a0        0x8 /Applications/microchip/xc32/v1.42/bin/bin/../../lib/gcc/pic32mx/4.8.3/../../../../pic32mx/lib/libpic32.a(vector13.o)
                0x9fc013a0                __vector_dispatch_13
                0x00000001                ASSERT (((_vector_spacing == 0x0) || (SIZEOF (.vector_13) <= (_vector_spacing << 0x5))), function at exception vector 13 too large)

.vector_14      0x9fc013c0        0x8
 *(.vector_14)
 .vector_14     0x9fc013c0        0x8 /Applications/microchip/xc32/v1.42/bin/bin/../../lib/gcc/pic32mx/4.8.3/../../../../pic32mx/lib/libpic32.a(vector14.o)
                0x9fc013c0                __vector_dispatch_14
                0x00000001                ASSERT (((_vector_spacing == 0x0) || (SIZEOF (.vector_14) <= (_vector_spacing << 0x5))), function at exception vector 14 too large)

.vector_15      0x9fc013e0        0x8
 *(.vector_15)
 .vector_15     0x9fc013e0        0x8 /Applications/microchip/xc32/v1.42/bin/bin/../../lib/gcc/pic32mx/4.8.3/../../../../pic32mx/lib/libpic32.a(vector15.o)
                0x9fc013e0                __vector_dispatch_15
                0x00000001                ASSERT (((_vector_spacing == 0x0) || (SIZEOF (.vector_15) <= (_vector_spacing << 0x5))), function at exception vector 15 too large)

.vector_16      0x9fc01400        0x8
 *(.vector_16)
 .vector_16     0x9fc01400        0x8 /Applications/microchip/xc32/v1.42/bin/bin/../../lib/gcc/pic32mx/4.8.3/../../../../pic32mx/lib/libpic32.a(vector16.o)
                0x9fc01400                __vector_dispatch_16
                0x00000001                ASSERT (((_vector_spacing == 0x0) || (SIZEOF (.vector_16) <= (_vector_spacing << 0x5))), function at exception vector 16 too large)

.vector_17      0x9fc01420        0x8
 *(.vector_17)
 .vector_17     0x9fc01420        0x8 /Applications/microchip/xc32/v1.42/bin/bin/../../lib/gcc/pic32mx/4.8.3/../../../../pic32mx/lib/libpic32.a(vector17.o)
                0x9fc01420                __vector_dispatch_17
                0x00000001                ASSERT (((_vector_spacing == 0x0) || (SIZEOF (.vector_17) <= (_vector_spacing << 0x5))), function at exception vector 17 too large)

.vector_18      0x9fc01440        0x8
 *(.vector_18)
 .vector_18     0x9fc01440        0x8 /Applications/microchip/xc32/v1.42/bin/bin/../../lib/gcc/pic32mx/4.8.3/../../../../pic32mx/lib/libpic32.a(vector18.o)
                0x9fc01440                __vector_dispatch_18
                0x00000001                ASSERT (((_vector_spacing == 0x0) || (SIZEOF (.vector_18) <= (_vector_spacing << 0x5))), function at exception vector 18 too large)

.vector_19      0x9fc01460        0x8
 *(.vector_19)
 .vector_19     0x9fc01460        0x8 /Applications/microchip/xc32/v1.42/bin/bin/../../lib/gcc/pic32mx/4.8.3/../../../../pic32mx/lib/libpic32.a(vector19.o)
                0x9fc01460                __vector_dispatch_19
                0x00000001                ASSERT (((_vector_spacing == 0x0) || (SIZEOF (.vector_19) <= (_vector_spacing << 0x5))), function at exception vector 19 too large)

.vector_20      0x9fc01480        0x8
 *(.vector_20)
 .vector_20     0x9fc01480        0x8 build/default/production/_ext/1688732426/system_interrupt.o
                0x9fc01480                __vector_dispatch_20
                0x00000001                ASSERT (((_vector_spacing == 0x0) || (SIZEOF (.vector_20) <= (_vector_spacing << 0x5))), function at exception vector 20 too large)

.vector_21      0x9fc014a0        0x8
 *(.vector_21)
 .vector_21     0x9fc014a0        0x8 /Applications/microchip/xc32/v1.42/bin/bin/../../lib/gcc/pic32mx/4.8.3/../../../../pic32mx/lib/libpic32.a(vector21.o)
                0x9fc014a0                __vector_dispatch_21
                0x00000001                ASSERT (((_vector_spacing == 0x0) || (SIZEOF (.vector_21) <= (_vector_spacing << 0x5))), function at exception vector 21 too large)

.vector_22      0x9fc014c0        0x8
 *(.vector_22)
 .vector_22     0x9fc014c0        0x8 /Applications/microchip/xc32/v1.42/bin/bin/../../lib/gcc/pic32mx/4.8.3/../../../../pic32mx/lib/libpic32.a(vector22.o)
                0x9fc014c0                __vector_dispatch_22
                0x00000001                ASSERT (((_vector_spacing == 0x0) || (SIZEOF (.vector_22) <= (_vector_spacing << 0x5))), function at exception vector 22 too large)

.vector_23      0x9fc014e0        0x8
 *(.vector_23)
 .vector_23     0x9fc014e0        0x8 /Applications/microchip/xc32/v1.42/bin/bin/../../lib/gcc/pic32mx/4.8.3/../../../../pic32mx/lib/libpic32.a(vector23.o)
                0x9fc014e0                __vector_dispatch_23
                0x00000001                ASSERT (((_vector_spacing == 0x0) || (SIZEOF (.vector_23) <= (_vector_spacing << 0x5))), function at exception vector 23 too large)

.vector_24      0x9fc01500        0x8
 *(.vector_24)
 .vector_24     0x9fc01500        0x8 /Applications/microchip/xc32/v1.42/bin/bin/../../lib/gcc/pic32mx/4.8.3/../../../../pic32mx/lib/libpic32.a(vector24.o)
                0x9fc01500                __vector_dispatch_24
                0x00000001                ASSERT (((_vector_spacing == 0x0) || (SIZEOF (.vector_24) <= (_vector_spacing << 0x5))), function at exception vector 24 too large)

.vector_25      0x9fc01520        0x8
 *(.vector_25)
 .vector_25     0x9fc01520        0x8 /Applications/microchip/xc32/v1.42/bin/bin/../../lib/gcc/pic32mx/4.8.3/../../../../pic32mx/lib/libpic32.a(vector25.o)
                0x9fc01520                __vector_dispatch_25
                0x00000001                ASSERT (((_vector_spacing == 0x0) || (SIZEOF (.vector_25) <= (_vector_spacing << 0x5))), function at exception vector 25 too large)

.vector_26      0x9fc01540        0x8
 *(.vector_26)
 .vector_26     0x9fc01540        0x8 build/default/production/_ext/1688732426/system_interrupt.o
                0x9fc01540                __vector_dispatch_26
                0x00000001                ASSERT (((_vector_spacing == 0x0) || (SIZEOF (.vector_26) <= (_vector_spacing << 0x5))), function at exception vector 26 too large)

.vector_27      0x9fc01560        0x8
 *(.vector_27)
 .vector_27     0x9fc01560        0x8 /Applications/microchip/xc32/v1.42/bin/bin/../../lib/gcc/pic32mx/4.8.3/../../../../pic32mx/lib/libpic32.a(vector27.o)
                0x9fc01560                __vector_dispatch_27
                0x00000001                ASSERT (((_vector_spacing == 0x0) || (SIZEOF (.vector_27) <= (_vector_spacing << 0x5))), function at exception vector 27 too large)

.vector_28      0x9fc01580        0x8
 *(.vector_28)
 .vector_28     0x9fc01580        0x8 /Applications/microchip/xc32/v1.42/bin/bin/../../lib/gcc/pic32mx/4.8.3/../../../../pic32mx/lib/libpic32.a(vector28.o)
                0x9fc01580                __vector_dispatch_28
                0x00000001                ASSERT (((_vector_spacing == 0x0) || (SIZEOF (.vector_28) <= (_vector_spacing << 0x5))), function at exception vector 28 too large)

.vector_29      0x9fc015a0        0x8
 *(.vector_29)
 .vector_29     0x9fc015a0        0x8 /Applications/microchip/xc32/v1.42/bin/bin/../../lib/gcc/pic32mx/4.8.3/../../../../pic32mx/lib/libpic32.a(vector29.o)
                0x9fc015a0                __vector_dispatch_29
                0x00000001                ASSERT (((_vector_spacing == 0x0) || (SIZEOF (.vector_29) <= (_vector_spacing << 0x5))), function at exception vector 29 too large)

.vector_30      0x9fc015c0        0x8
 *(.vector_30)
 .vector_30     0x9fc015c0        0x8 /Applications/microchip/xc32/v1.42/bin/bin/../../lib/gcc/pic32mx/4.8.3/../../../../pic32mx/lib/libpic32.a(vector30.o)
                0x9fc015c0                __vector_dispatch_30
                0x00000001                ASSERT (((_vector_spacing == 0x0) || (SIZEOF (.vector_30) <= (_vector_spacing << 0x5))), function at exception vector 30 too large)

.vector_31      0x9fc015e0        0x8
 *(.vector_31)
 .vector_31     0x9fc015e0        0x8 /Applications/microchip/xc32/v1.42/bin/bin/../../lib/gcc/pic32mx/4.8.3/../../../../pic32mx/lib/libpic32.a(vector31.o)
                0x9fc015e0                __vector_dispatch_31
                0x00000001                ASSERT (((_vector_spacing == 0x0) || (SIZEOF (.vector_31) <= (_vector_spacing << 0x5))), function at exception vector 31 too large)

.vector_32      0x9fc01600        0x8
 *(.vector_32)
 .vector_32     0x9fc01600        0x8 /Applications/microchip/xc32/v1.42/bin/bin/../../lib/gcc/pic32mx/4.8.3/../../../../pic32mx/lib/libpic32.a(vector32.o)
                0x9fc01600                __vector_dispatch_32
                0x00000001                ASSERT (((_vector_spacing == 0x0) || (SIZEOF (.vector_32) <= (_vector_spacing << 0x5))), function at exception vector 32 too large)

.vector_33      0x9fc01620        0x8
 *(.vector_33)
 .vector_33     0x9fc01620        0x8 /Applications/microchip/xc32/v1.42/bin/bin/../../lib/gcc/pic32mx/4.8.3/../../../../pic32mx/lib/libpic32.a(vector33.o)
                0x9fc01620                __vector_dispatch_33
                0x00000001                ASSERT (((_vector_spacing == 0x0) || (SIZEOF (.vector_33) <= (_vector_spacing << 0x5))), function at exception vector 33 too large)

.vector_34      0x9fc01640        0x8
 *(.vector_34)
 .vector_34     0x9fc01640        0x8 /Applications/microchip/xc32/v1.42/bin/bin/../../lib/gcc/pic32mx/4.8.3/../../../../pic32mx/lib/libpic32.a(vector34.o)
                0x9fc01640                __vector_dispatch_34
                0x00000001                ASSERT (((_vector_spacing == 0x0) || (SIZEOF (.vector_34) <= (_vector_spacing << 0x5))), function at exception vector 34 too large)

.vector_35      0x9fc01660        0x8
 *(.vector_35)
 .vector_35     0x9fc01660        0x8 /Applications/microchip/xc32/v1.42/bin/bin/../../lib/gcc/pic32mx/4.8.3/../../../../pic32mx/lib/libpic32.a(vector35.o)
                0x9fc01660                __vector_dispatch_35
                0x00000001                ASSERT (((_vector_spacing == 0x0) || (SIZEOF (.vector_35) <= (_vector_spacing << 0x5))), function at exception vector 35 too large)

.vector_36      0x9fc01680        0x8
 *(.vector_36)
 .vector_36     0x9fc01680        0x8 /Applications/microchip/xc32/v1.42/bin/bin/../../lib/gcc/pic32mx/4.8.3/../../../../pic32mx/lib/libpic32.a(vector36.o)
                0x9fc01680                __vector_dispatch_36
                0x00000001                ASSERT (((_vector_spacing == 0x0) || (SIZEOF (.vector_36) <= (_vector_spacing << 0x5))), function at exception vector 36 too large)

.vector_37      0x9fc016a0        0x8
 *(.vector_37)
 .vector_37     0x9fc016a0        0x8 /Applications/microchip/xc32/v1.42/bin/bin/../../lib/gcc/pic32mx/4.8.3/../../../../pic32mx/lib/libpic32.a(vector37.o)
                0x9fc016a0                __vector_dispatch_37
                0x00000001                ASSERT (((_vector_spacing == 0x0) || (SIZEOF (.vector_37) <= (_vector_spacing << 0x5))), function at exception vector 37 too large)

.vector_38      0x9fc016c0        0x8
 *(.vector_38)
 .vector_38     0x9fc016c0        0x8 /Applications/microchip/xc32/v1.42/bin/bin/../../lib/gcc/pic32mx/4.8.3/../../../../pic32mx/lib/libpic32.a(vector38.o)
                0x9fc016c0                __vector_dispatch_38
                0x00000001                ASSERT (((_vector_spacing == 0x0) || (SIZEOF (.vector_38) <= (_vector_spacing << 0x5))), function at exception vector 38 too large)

.vector_39      0x9fc016e0        0x8
 *(.vector_39)
 .vector_39     0x9fc016e0        0x8 /Applications/microchip/xc32/v1.42/bin/bin/../../lib/gcc/pic32mx/4.8.3/../../../../pic32mx/lib/libpic32.a(vector39.o)
                0x9fc016e0                __vector_dispatch_39
                0x00000001                ASSERT (((_vector_spacing == 0x0) || (SIZEOF (.vector_39) <= (_vector_spacing << 0x5))), function at exception vector 39 too large)

.vector_40      0x9fc01700        0x8
 *(.vector_40)
 .vector_40     0x9fc01700        0x8 /Applications/microchip/xc32/v1.42/bin/bin/../../lib/gcc/pic32mx/4.8.3/../../../../pic32mx/lib/libpic32.a(vector40.o)
                0x9fc01700                __vector_dispatch_40
                0x00000001                ASSERT (((_vector_spacing == 0x0) || (SIZEOF (.vector_40) <= (_vector_spacing << 0x5))), function at exception vector 40 too large)

.vector_41      0x9fc01720        0x8
 *(.vector_41)
 .vector_41     0x9fc01720        0x8 /Applications/microchip/xc32/v1.42/bin/bin/../../lib/gcc/pic32mx/4.8.3/../../../../pic32mx/lib/libpic32.a(vector41.o)
                0x9fc01720                __vector_dispatch_41
                0x00000001                ASSERT (((_vector_spacing == 0x0) || (SIZEOF (.vector_41) <= (_vector_spacing << 0x5))), function at exception vector 41 too large)

.vector_42      0x9fc01740        0x8
 *(.vector_42)
 .vector_42     0x9fc01740        0x8 /Applications/microchip/xc32/v1.42/bin/bin/../../lib/gcc/pic32mx/4.8.3/../../../../pic32mx/lib/libpic32.a(vector42.o)
                0x9fc01740                __vector_dispatch_42
                0x00000001                ASSERT (((_vector_spacing == 0x0) || (SIZEOF (.vector_42) <= (_vector_spacing << 0x5))), function at exception vector 42 too large)

.vector_43      0x9fc01760        0x8
 *(.vector_43)
 .vector_43     0x9fc01760        0x8 /Applications/microchip/xc32/v1.42/bin/bin/../../lib/gcc/pic32mx/4.8.3/../../../../pic32mx/lib/libpic32.a(vector43.o)
                0x9fc01760                __vector_dispatch_43
                0x00000001                ASSERT (((_vector_spacing == 0x0) || (SIZEOF (.vector_43) <= (_vector_spacing << 0x5))), function at exception vector 43 too large)

.vector_44      0x9fc01780        0x8
 *(.vector_44)
 .vector_44     0x9fc01780        0x8 /Applications/microchip/xc32/v1.42/bin/bin/../../lib/gcc/pic32mx/4.8.3/../../../../pic32mx/lib/libpic32.a(vector44.o)
                0x9fc01780                __vector_dispatch_44
                0x00000001                ASSERT (((_vector_spacing == 0x0) || (SIZEOF (.vector_44) <= (_vector_spacing << 0x5))), function at exception vector 44 too large)

.vector_45      0x9fc017a0        0x0
 *(.vector_45)
                0x00000001                ASSERT (((_vector_spacing == 0x0) || (SIZEOF (.vector_45) <= (_vector_spacing << 0x5))), function at exception vector 45 too large)

.vector_46      0x9fc017c0        0x0
 *(.vector_46)
                0x00000001                ASSERT (((_vector_spacing == 0x0) || (SIZEOF (.vector_46) <= (_vector_spacing << 0x5))), function at exception vector 46 too large)

.vector_47      0x9fc017e0        0x0
 *(.vector_47)
                0x00000001                ASSERT (((_vector_spacing == 0x0) || (SIZEOF (.vector_47) <= (_vector_spacing << 0x5))), function at exception vector 47 too large)

.vector_48      0x9fc01800        0x0
 *(.vector_48)
                0x00000001                ASSERT (((_vector_spacing == 0x0) || (SIZEOF (.vector_48) <= (_vector_spacing << 0x5))), function at exception vector 48 too large)

.vector_49      0x9fc01820        0x0
 *(.vector_49)
                0x00000001                ASSERT (((_vector_spacing == 0x0) || (SIZEOF (.vector_49) <= (_vector_spacing << 0x5))), function at exception vector 49 too large)

.vector_50      0x9fc01840        0x0
 *(.vector_50)
                0x00000001                ASSERT (((_vector_spacing == 0x0) || (SIZEOF (.vector_50) <= (_vector_spacing << 0x5))), function at exception vector 50 too large)

.vector_51      0x9fc01860        0x0
 *(.vector_51)
                0x00000001                ASSERT (((_vector_spacing == 0x0) || (SIZEOF (.vector_51) <= (_vector_spacing << 0x5))), function at exception vector 51 too large)

.vector_52      0x9fc01880        0x0
 *(.vector_52)
                0x00000001                ASSERT (((_vector_spacing == 0x0) || (SIZEOF (.vector_52) <= (_vector_spacing << 0x5))), function at exception vector 52 too large)

.vector_53      0x9fc018a0        0x0
 *(.vector_53)
                0x00000001                ASSERT (((_vector_spacing == 0x0) || (SIZEOF (.vector_53) <= (_vector_spacing << 0x5))), function at exception vector 53 too large)

.vector_54      0x9fc018c0        0x0
 *(.vector_54)
                0x00000001                ASSERT (((_vector_spacing == 0x0) || (SIZEOF (.vector_54) <= (_vector_spacing << 0x5))), function at exception vector 54 too large)

.vector_55      0x9fc018e0        0x0
 *(.vector_55)
                0x00000001                ASSERT (((_vector_spacing == 0x0) || (SIZEOF (.vector_55) <= (_vector_spacing << 0x5))), function at exception vector 55 too large)

.vector_56      0x9fc01900        0x0
 *(.vector_56)
                0x00000001                ASSERT (((_vector_spacing == 0x0) || (SIZEOF (.vector_56) <= (_vector_spacing << 0x5))), function at exception vector 56 too large)

.vector_57      0x9fc01920        0x0
 *(.vector_57)
                0x00000001                ASSERT (((_vector_spacing == 0x0) || (SIZEOF (.vector_57) <= (_vector_spacing << 0x5))), function at exception vector 57 too large)

.vector_58      0x9fc01940        0x0
 *(.vector_58)
                0x00000001                ASSERT (((_vector_spacing == 0x0) || (SIZEOF (.vector_58) <= (_vector_spacing << 0x5))), function at exception vector 58 too large)

.vector_59      0x9fc01960        0x0
 *(.vector_59)
                0x00000001                ASSERT (((_vector_spacing == 0x0) || (SIZEOF (.vector_59) <= (_vector_spacing << 0x5))), function at exception vector 59 too large)

.vector_60      0x9fc01980        0x0
 *(.vector_60)
                0x00000001                ASSERT (((_vector_spacing == 0x0) || (SIZEOF (.vector_60) <= (_vector_spacing << 0x5))), function at exception vector 60 too large)

.vector_61      0x9fc019a0        0x0
 *(.vector_61)
                0x00000001                ASSERT (((_vector_spacing == 0x0) || (SIZEOF (.vector_61) <= (_vector_spacing << 0x5))), function at exception vector 61 too large)

.vector_62      0x9fc019c0        0x0
 *(.vector_62)
                0x00000001                ASSERT (((_vector_spacing == 0x0) || (SIZEOF (.vector_62) <= (_vector_spacing << 0x5))), function at exception vector 62 too large)

.vector_63      0x9fc019e0        0x0
 *(.vector_63)
                0x00000001                ASSERT (((_vector_spacing == 0x0) || (SIZEOF (.vector_63) <= (_vector_spacing << 0x5))), function at exception vector 63 too large)

.startup
 *(.startup)

.text           0x9d000000        0x0
 *(.stub .gnu.linkonce.t.*)
 *(.text.*personality*)
 *(.mips16.fn.*)
 *(.mips16.call.*)
 *(.gnu.warning)
                0x9d000000                . = ALIGN (0x4)

.init           0x9d000000        0x0
 *crti.o(.init)
 *crtbegin.o(.init)
 *(EXCLUDE_FILE(*crtn.o *crtend?.o *crtend.o) .init)
 *crtend.o(.init)
 *crtn.o(.init)
                0x9d000000                . = ALIGN (0x4)

.fini           0x9d000000        0x0
 *(.fini)
                0x9d000000                . = ALIGN (0x4)

.preinit_array  0x9d000000        0x0
                0x9d000000                PROVIDE (__preinit_array_start, .)
 *(.preinit_array)
                0x9d000000                PROVIDE (__preinit_array_end, .)
                0x9d000000                . = ALIGN (0x4)

.init_array     0x9d000000        0x0
                0x9d000000                PROVIDE (__init_array_start, .)
 *(SORT(.init_array.*))
 *(.init_array)
                0x9d000000                PROVIDE (__init_array_end, .)
                0x9d000000                . = ALIGN (0x4)

.fini_array     0x9d000000        0x0
                0x9d000000                PROVIDE (__fini_array_start, .)
 *(SORT(.fini_array.*))
 *(.fini_array)
                0x9d000000                PROVIDE (__fini_array_end, .)
                0x9d000000                . = ALIGN (0x4)

.ctors          0x9d000000        0x0
 *crtbegin.o(.ctors)
 *crtbegin?.o(.ctors)
 *(EXCLUDE_FILE(*crtend?.o *crtend.o) .ctors)
 *(SORT(.ctors.*))
 *(.ctors)
                0x9d000000                . = ALIGN (0x4)

.dtors          0x9d000000        0x0
 *crtbegin.o(.dtors)
 *crtbegin?.o(.dtors)
 *(EXCLUDE_FILE(*crtend?.o *crtend.o) .dtors)
 *(SORT(.dtors.*))
 *(.dtors)
                0x9d000000                . = ALIGN (0x4)

.rodata         0x9d000000        0x0
 *(.gnu.linkonce.r.*)
 *(.rodata1)
                0x9d000000                . = ALIGN (0x4)

.sdata2         0x9fc00490        0x0
 *(.sdata2 .sdata2.* .gnu.linkonce.s2.*)
                0x9fc00490                . = ALIGN (0x4)

.sbss2          0x9fc00490        0x0
 *(.sbss2 .sbss2.* .gnu.linkonce.sb2.*)
                0x9fc00490                . = ALIGN (0x4)

.eh_frame_hdr
 *(.eh_frame_hdr)
                0x9fc00490                . = ALIGN (0x4)

.eh_frame
 *(.eh_frame)
                0x9fc00490                . = ALIGN (0x4)

.gcc_except_table
 *(.gcc_except_table .gcc_except_table.*)
                0x9fc00490                . = ALIGN (0x4)

.dbg_data       0xa0000000        0x0
                0xa0000000                . = (. + DEFINED (_DEBUGGER)?0x200:0x0)

.jcr            0xa0000000        0x0
 *(.jcr)
                0xa0000000                . = ALIGN (0x4)

.eh_frame
 *(.eh_frame)
                0xa0000000                . = ALIGN (0x4)

.gcc_except_table
 *(.gcc_except_table .gcc_except_table.*)
                0xa0000000                . = ALIGN (0x4)

.persist        0xa0000000        0x0
                0xa0000000                _persist_begin = .
 *(.persist .persist.*)
 *(.pbss .pbss.*)
                0xa0000000                . = ALIGN (0x4)
                0xa0000000                _persist_end = .

.data           0xa0000000        0x0
 *(.gnu.linkonce.d.*)
 *(.data1)
                0xa0000000                . = ALIGN (0x4)
                0xa0000000                . = .
                0xa0007ff0                _gp = (ALIGN (0x10) + 0x7ff0)

.got            0xa0000000        0x0
 *(.got.plt)
 *(.got)
                0xa0000000                . = ALIGN (0x4)

.sdata          0xa0000000       0x54
                0xa0000000                _sdata_begin = .
 *(.sdata .sdata.* .gnu.linkonce.s.*)
 .sdata         0xa0000000        0x2 build/default/production/_ext/1688732426/system_interrupt.o
                0xa0000000                oldAB2
                0xa0000001                oldAB
 .sdata         0xa0000002        0x1 build/default/production/_ext/1360937237/main.o
                0xa0000002                pressSense
 .sdata         0xa0000003        0x2 build/default/production/_ext/1360937237/ui.o
                0xa0000003                menu2Select
                0xa0000004                menuSelect
 *fill*         0xa0000005        0x3 
 .sdata         0xa0000008       0x10 build/default/production/_ext/1360937237/game.o
                0xa0000008                gameMask
                0xa0000010                gameInst
 .sdata         0xa0000018       0x10 build/default/production/_ext/1360937237/settings.o
                0xa0000018                rowSetFlag
                0xa000001c                instConfig
                0xa0000020                scaleConfig
                0xa0000024                seqRate
                0xa0000025                vol
                0xa0000026                level
 .sdata         0xa0000028       0x18 build/default/production/_ext/1360937237/seq.o
                0xa0000028                seqInst
                0xa0000030                seqMask
                0xa0000038                seqRowMask
 .sdata         0xa0000040       0x14 build/default/production/_ext/1360937237/ble.o
                0xa0000040                bleNoteOff
                0xa0000044                bleNoteOn
                0xa0000048                bleEn
                0xa000004c                blereset
                0xa0000050                buffer
                0xa0000054                . = ALIGN (0x4)
                0xa0000054                _sdata_end = .

.lit8
 *(.lit8)

.lit4
 *(.lit4)
                0xa0000054                . = ALIGN (0x4)
                0xa0000054                _data_end = .
                0xa0000054                _bss_begin = .

.sbss           0xa0000054      0x104
                0xa0000054                _sbss_begin = .
 *(.dynsbss)
 *(.sbss .sbss.* .gnu.linkonce.sb.*)
 .sbss          0xa0000054        0x4 build/default/production/_ext/1407244131/drv_tmr_static.o
 .sbss          0xa0000058       0x18 build/default/production/_ext/1688732426/system_interrupt.o
                0xa0000058                ledCounter
                0xa000005a                anode
                0xa000005c                blink
                0xa000005d                flagLeft
                0xa000005e                flagRight
                0xa000005f                onflag
                0xa0000060                ledPos
                0xa0000068                curr
 .sbss          0xa0000070        0xc build/default/production/_ext/1688732426/system_exceptions.o
 *fill*         0xa000007c        0x4 
 .sbss          0xa0000080       0x18 build/default/production/_ext/1360937237/main.o
                0xa0000080                pressureVal
                0xa0000084                key
                0xa0000088                prevDigitalSwitch
                0xa0000090                digitalSwitch
 .sbss          0xa0000098        0xc build/default/production/_ext/1360937237/ui.o
                0xa0000098                u
                0xa0000099                loopOption
                0xa000009a                menuLoopOption
                0xa000009b                freeze2
                0xa000009c                freeze
                0xa000009d                menuFree
                0xa000009e                menuLoop
                0xa000009f                menuGame
                0xa00000a0                menuSeq
                0xa00000a1                menu2
                0xa00000a2                interface
                0xa00000a3                menu
 .sbss          0xa00000a4        0xc build/default/production/_ext/1360937237/looping.o
                0xa00000a4                loopStartPause
                0xa00000a5                modeLoop
                0xa00000a6                loopExist
                0xa00000a7                loopRecord
                0xa00000a8                loopN
                0xa00000a9                loopStart
                0xa00000ac                loopCounter
 .sbss          0xa00000b0       0x18 build/default/production/_ext/1360937237/game.o
                0xa00000b0                modeGamePause
                0xa00000b1                gameStart
                0xa00000b8                gameSwitch
                0xa00000c0                gameN
                0xa00000c4                modeGame
 .sbss          0xa00000c8       0x18 build/default/production/_ext/1360937237/settings.o
                0xa00000c8                numSwitch
                0xa00000d0                rowConfig
                0xa00000d4                rowLed
                0xa00000d6                instChanged
                0xa00000d7                instRowSelect
                0xa00000d8                instSetFlag
                0xa00000da                instLed
                0xa00000dc                scaleRowSelect
                0xa00000dd                scaleSetFlag
                0xa00000de                numFlag
                0xa00000df                scaleChanged
 .sbss          0xa00000e0       0x50 build/default/production/_ext/1360937237/seq.o
                0xa00000e0                j
                0xa00000e8                ringi
                0xa00000f0                modeScra
                0xa00000f1                modeSeqPause
                0xa00000f2                seqCounter
                0xa00000f8                sequenceCol
                0xa0000100                seqSound
                0xa0000108                sequenceNote
                0xa0000110                ringPos
                0xa0000118                ring
                0xa0000120                sequenceSwitch
                0xa0000128                modeSeq
 .sbss          0xa0000130        0x1 build/default/production/_ext/1360937237/ble.o
                0xa0000130                modeBle
 *(.scommon)
 *fill*         0xa0000131        0x3 
 .scommon       0xa0000134        0x0 build/default/production/_ext/327000265/drv_usart_static.o
                0xa0000134                gDrvUSART0Obj
                0xa0000134                gDrvUSART1Obj
 .scommon       0xa0000134       0x10 build/default/production/_ext/1688732426/system_interrupt.o
                0xa0000134                encoderVal
                0xa0000138                gameCounter
                0xa000013c                encoderVal2
                0xa000013d                encoderState2
                0xa000013e                encoderState
                0xa0000140                bleCommand
 .scommon       0xa0000144        0x4 build/default/production/_ext/1360937237/app.o
                0xa0000144                appData
 .scommon       0xa0000148        0x8 build/default/production/_ext/1360937237/main.o
                0xa0000148                mask
 .scommon       0xa0000150        0x0 build/default/production/_ext/1360937237/lcd.o
 .scommon       0xa0000150        0x0 build/default/production/_ext/1360937237/ui.o
 .scommon       0xa0000150        0x0 build/default/production/_ext/1360937237/looping.o
 .scommon       0xa0000150        0x0 build/default/production/_ext/1360937237/game.o
 .scommon       0xa0000150        0x0 build/default/production/_ext/1360937237/settings.o
 .scommon       0xa0000150        0x0 build/default/production/_ext/1360937237/seq.o
 .scommon       0xa0000150        0x0 build/default/production/_ext/1360937237/ble.o
 .scommon       0xa0000150        0x8 build/default/production/_ext/1271179505/sys_devcon.o
                0xa0000150                sysDevconObj
                0xa0000158                _sbss_end = .
                0xa0000158                . = ALIGN (0x4)

.bss            0xa0000158      0x98c
 *(.dynbss)
 *(COMMON)
 COMMON         0xa0000158       0x1c build/default/production/_ext/1688732426/system_init.o
                0xa0000158                sysObj
 COMMON         0xa0000174      0x970 build/default/production/_ext/1688732426/system_interrupt.o
                0xa0000174                loop
                0xa0000ae4                . = ALIGN ((. != 0x0)?0x4:0x1)
                0xa0000ae4                . = ALIGN (0x4)
                0xa0000ae4                _end = .
                0xa0000ae4                _bss_end = .
                0x00008000                _bmxdudba_address = 0x8000
                0x00008000                _bmxdupba_address = 0x8000

/DISCARD/
 *(.pdr)
 *(.rel.dyn)
 *(.note.GNU-stack)
 *(.note.GNU-stack)
 *(.gnu_debuglink)
 *(.gnu.lto_*)
 *(.discard)

.gptab.sdata
 *(.gptab.data)
 *(.gptab.sdata)

.gptab.sbss
 *(.gptab.bss)
 *(.gptab.sbss)

.mdebug.abi32   0xa0000ae4        0x0
 *(.mdebug.abi32)
 .mdebug.abi32  0xa0000ae4        0x0 build/default/production/_ext/1361460060/drv_adc_static.o
 .mdebug.abi32  0xa0000ae4        0x0 build/default/production/_ext/1407244131/drv_tmr_static.o
 .mdebug.abi32  0xa0000ae4        0x0 build/default/production/_ext/1407244131/drv_tmr_mapping.o
 .mdebug.abi32  0xa0000ae4        0x0 build/default/production/_ext/327000265/drv_usart_mapping.o
 .mdebug.abi32  0xa0000ae4        0x0 build/default/production/_ext/327000265/drv_usart_static.o
 .mdebug.abi32  0xa0000ae4        0x0 build/default/production/_ext/327000265/drv_usart_static_byte_model.o
 .mdebug.abi32  0xa0000ae4        0x0 build/default/production/_ext/639803181/sys_clk_static.o
 .mdebug.abi32  0xa0000ae4        0x0 build/default/production/_ext/822048611/sys_ports_static.o
 .mdebug.abi32  0xa0000ae4        0x0 build/default/production/_ext/1688732426/system_init.o
 .mdebug.abi32  0xa0000ae4        0x0 build/default/production/_ext/1688732426/system_interrupt.o
 .mdebug.abi32  0xa0000ae4        0x0 build/default/production/_ext/1688732426/system_exceptions.o
 .mdebug.abi32  0xa0000ae4        0x0 build/default/production/_ext/1688732426/system_tasks.o
 .mdebug.abi32  0xa0000ae4        0x0 build/default/production/_ext/1360937237/app.o
 .mdebug.abi32  0xa0000ae4        0x0 build/default/production/_ext/1360937237/main.o
 .mdebug.abi32  0xa0000ae4        0x0 build/default/production/_ext/1131074238/midi.o
 .mdebug.abi32  0xa0000ae4        0x0 build/default/production/_ext/1360937237/lcd.o
 .mdebug.abi32  0xa0000ae4        0x0 build/default/production/_ext/1360937237/ui.o
 .mdebug.abi32  0xa0000ae4        0x0 build/default/production/_ext/1360937237/looping.o
 .mdebug.abi32  0xa0000ae4        0x0 build/default/production/_ext/1360937237/visual.o
 .mdebug.abi32  0xa0000ae4        0x0 build/default/production/_ext/1360937237/game.o
 .mdebug.abi32  0xa0000ae4        0x0 build/default/production/_ext/1360937237/settings.o
 .mdebug.abi32  0xa0000ae4        0x0 build/default/production/_ext/1360937237/seq.o
 .mdebug.abi32  0xa0000ae4        0x0 build/default/production/_ext/1360937237/ble.o
 .mdebug.abi32  0xa0000ae4        0x0 build/default/production/_ext/1271179505/sys_devcon.o
 .mdebug.abi32  0xa0000ae4        0x0 build/default/production/_ext/1271179505/sys_devcon_pic32mx.o
 .mdebug.abi32  0xa0000ae4        0x0 build/default/production/_ext/122796885/sys_int_pic32.o
 .mdebug.abi32  0xa0000ae4        0x0 /Applications/microchip/xc32/v1.42/bin/bin/../../lib/gcc/pic32mx/4.8.3/libgcc.a(_ashldi3.o)
 .mdebug.abi32  0xa0000ae4        0x0 /Applications/microchip/xc32/v1.42/bin/bin/../../lib/gcc/pic32mx/4.8.3/../../../../pic32mx/lib/libpic32.a(default-bootstrap-exception-handler.o)
 .mdebug.abi32  0xa0000ae4        0x0 /Applications/microchip/xc32/v1.42/bin/bin/../../lib/gcc/pic32mx/4.8.3/../../../../pic32mx/lib/libpic32.a(default-on-reset.o)
 .mdebug.abi32  0xa0000ae4        0x0 /Applications/microchip/xc32/v1.42/bin/bin/../../lib/gcc/pic32mx/4.8.3/../../../../pic32mx/lib/libpic32.a(default-on-bootstrap.o)
 .mdebug.abi32  0xa0000ae4        0x0 /Applications/microchip/xc32/v1.42/bin/bin/../../lib/gcc/pic32mx/4.8.3/../../../../pic32mx/lib/libpic32.a(defaultinterrupt.o)
 .mdebug.abi32  0xa0000ae4        0x0 /Applications/microchip/xc32/v1.42/bin/bin/../../lib/gcc/pic32mx/4.8.3/../../../../pic32mx/lib/libc.a(rand.o)

.mdebug.abiN32
 *(.mdebug.abiN32)

.mdebug.abi64
 *(.mdebug.abi64)

.mdebug.abiO64
 *(.mdebug.abiO64)

.mdebug.eabi32
 *(.mdebug.eabi32)

.mdebug.eabi64
 *(.mdebug.eabi64)

.gcc_compiled_long32
 *(.gcc_compiled_long32)

.gcc_compiled_long64
 *(.gcc_compiled_long64)

.stab
 *(.stab)

.stabstr
 *(.stabstr)

.stab.excl
 *(.stab.excl)

.stab.exclstr
 *(.stab.exclstr)

.stab.index
 *(.stab.index)

.stab.indexstr
 *(.stab.indexstr)

.comment        0x00000000       0x3c
 *(.comment)
 .comment       0x00000000       0x3c build/default/production/_ext/1361460060/drv_adc_static.o
                                 0x3d (size before relaxing)
 .comment       0x00000000       0x3d build/default/production/_ext/1407244131/drv_tmr_static.o
 .comment       0x00000000       0x3d build/default/production/_ext/1407244131/drv_tmr_mapping.o
 .comment       0x00000000       0x3d build/default/production/_ext/327000265/drv_usart_mapping.o
 .comment       0x00000000       0x3d build/default/production/_ext/327000265/drv_usart_static.o
 .comment       0x00000000       0x3d build/default/production/_ext/327000265/drv_usart_static_byte_model.o
 .comment       0x00000000       0x3d build/default/production/_ext/639803181/sys_clk_static.o
 .comment       0x00000000       0x3d build/default/production/_ext/822048611/sys_ports_static.o
 .comment       0x00000000       0x3d build/default/production/_ext/1688732426/system_init.o
 .comment       0x00000000       0x3d build/default/production/_ext/1688732426/system_interrupt.o
 .comment       0x00000000       0x3d build/default/production/_ext/1688732426/system_exceptions.o
 .comment       0x00000000       0x3d build/default/production/_ext/1688732426/system_tasks.o
 .comment       0x00000000       0x3d build/default/production/_ext/1360937237/app.o
 .comment       0x00000000       0x3d build/default/production/_ext/1360937237/main.o
 .comment       0x00000000       0x3d build/default/production/_ext/1131074238/midi.o
 .comment       0x00000000       0x3d build/default/production/_ext/1360937237/lcd.o
 .comment       0x00000000       0x3d build/default/production/_ext/1360937237/ui.o
 .comment       0x00000000       0x3d build/default/production/_ext/1360937237/looping.o
 .comment       0x00000000       0x3d build/default/production/_ext/1360937237/visual.o
 .comment       0x00000000       0x3d build/default/production/_ext/1360937237/game.o
 .comment       0x00000000       0x3d build/default/production/_ext/1360937237/settings.o
 .comment       0x00000000       0x3d build/default/production/_ext/1360937237/seq.o
 .comment       0x00000000       0x3d build/default/production/_ext/1360937237/ble.o
 .comment       0x00000000       0x3d build/default/production/_ext/1271179505/sys_devcon.o
 .comment       0x00000000       0x3d build/default/production/_ext/1271179505/sys_devcon_pic32mx.o
 .comment       0x00000000       0x3d build/default/production/_ext/122796885/sys_int_pic32.o
 .comment       0x00000000       0x3d /Applications/microchip/xc32/v1.42/bin/bin/../../lib/gcc/pic32mx/4.8.3/libgcc.a(_ashldi3.o)
 .comment       0x00000000       0x3d /Applications/microchip/xc32/v1.42/bin/bin/../../lib/gcc/pic32mx/4.8.3/../../../../pic32mx/lib/libpic32.a(default-bootstrap-exception-handler.o)
 .comment       0x00000000       0x3d /Applications/microchip/xc32/v1.42/bin/bin/../../lib/gcc/pic32mx/4.8.3/../../../../pic32mx/lib/libpic32.a(default-on-reset.o)
 .comment       0x00000000       0x3d /Applications/microchip/xc32/v1.42/bin/bin/../../lib/gcc/pic32mx/4.8.3/../../../../pic32mx/lib/libpic32.a(default-on-bootstrap.o)
 .comment       0x00000000       0x3d /Applications/microchip/xc32/v1.42/bin/bin/../../lib/gcc/pic32mx/4.8.3/../../../../pic32mx/lib/libpic32.a(defaultinterrupt.o)
 .comment       0x00000000       0x3d /Applications/microchip/xc32/v1.42/bin/bin/../../lib/gcc/pic32mx/4.8.3/../../../../pic32mx/lib/libc.a(rand.o)

.debug
 *(.debug)

.line
 *(.line)

.debug_srcinfo
 *(.debug_srcinfo)

.debug_sfnames
 *(.debug_sfnames)

.debug_aranges  0x00000000      0xbc0
 *(.debug_aranges)
 .debug_aranges
                0x00000000       0x78 build/default/production/_ext/1361460060/drv_adc_static.o
 .debug_aranges
                0x00000078      0x1d8 build/default/production/_ext/1407244131/drv_tmr_static.o
 .debug_aranges
                0x00000250       0xe8 build/default/production/_ext/1407244131/drv_tmr_mapping.o
 .debug_aranges
                0x00000338       0xa8 build/default/production/_ext/327000265/drv_usart_mapping.o
 .debug_aranges
                0x000003e0       0xa8 build/default/production/_ext/327000265/drv_usart_static.o
 .debug_aranges
                0x00000488       0x78 build/default/production/_ext/327000265/drv_usart_static_byte_model.o
 .debug_aranges
                0x00000500       0x50 build/default/production/_ext/639803181/sys_clk_static.o
 .debug_aranges
                0x00000550      0x108 build/default/production/_ext/822048611/sys_ports_static.o
 .debug_aranges
                0x00000658       0x20 build/default/production/_ext/1688732426/system_init.o
 .debug_aranges
                0x00000678       0x40 build/default/production/_ext/1688732426/system_interrupt.o
 .debug_aranges
                0x000006b8       0x20 build/default/production/_ext/1688732426/system_exceptions.o
 .debug_aranges
                0x000006d8       0x20 build/default/production/_ext/1688732426/system_tasks.o
 .debug_aranges
                0x000006f8       0x28 build/default/production/_ext/1360937237/app.o
 .debug_aranges
                0x00000720       0x30 build/default/production/_ext/1360937237/main.o
 .debug_aranges
                0x00000750       0x60 build/default/production/_ext/1131074238/midi.o
 .debug_aranges
                0x000007b0       0xf8 build/default/production/_ext/1360937237/lcd.o
 .debug_aranges
                0x000008a8       0x50 build/default/production/_ext/1360937237/ui.o
 .debug_aranges
                0x000008f8       0x30 build/default/production/_ext/1360937237/looping.o
 .debug_aranges
                0x00000928       0x18 build/default/production/_ext/1360937237/visual.o
 .debug_aranges
                0x00000940       0x28 build/default/production/_ext/1360937237/game.o
 .debug_aranges
                0x00000968       0x38 build/default/production/_ext/1360937237/settings.o
 .debug_aranges
                0x000009a0       0x30 build/default/production/_ext/1360937237/seq.o
 .debug_aranges
                0x000009d0       0x48 build/default/production/_ext/1360937237/ble.o
 .debug_aranges
                0x00000a18       0x78 build/default/production/_ext/1271179505/sys_devcon.o
 .debug_aranges
                0x00000a90       0x20 build/default/production/_ext/1271179505/sys_devcon_pic32mx.o
 .debug_aranges
                0x00000ab0       0x48 build/default/production/_ext/122796885/sys_int_pic32.o
 .debug_aranges
                0x00000af8       0x20 /Applications/microchip/xc32/v1.42/bin/bin/../../lib/gcc/pic32mx/4.8.3/libgcc.a(_ashldi3.o)
 .debug_aranges
                0x00000b18       0x20 /Applications/microchip/xc32/v1.42/bin/bin/../../lib/gcc/pic32mx/4.8.3/../../../../pic32mx/lib/libpic32.a(default-bootstrap-exception-handler.o)
 .debug_aranges
                0x00000b38       0x20 /Applications/microchip/xc32/v1.42/bin/bin/../../lib/gcc/pic32mx/4.8.3/../../../../pic32mx/lib/libpic32.a(default-on-reset.o)
 .debug_aranges
                0x00000b58       0x20 /Applications/microchip/xc32/v1.42/bin/bin/../../lib/gcc/pic32mx/4.8.3/../../../../pic32mx/lib/libpic32.a(default-on-bootstrap.o)
 .debug_aranges
                0x00000b78       0x20 /Applications/microchip/xc32/v1.42/bin/bin/../../lib/gcc/pic32mx/4.8.3/../../../../pic32mx/lib/libpic32.a(defaultinterrupt.o)
 .debug_aranges
                0x00000b98       0x28 /Applications/microchip/xc32/v1.42/bin/bin/../../lib/gcc/pic32mx/4.8.3/../../../../pic32mx/lib/libc.a(rand.o)

.debug_pubnames
 *(.debug_pubnames)

.debug_info     0x00000000    0x31732
 *(.debug_info .gnu.linkonce.wi.*)
 .debug_info    0x00000000     0x3138 build/default/production/_ext/1361460060/drv_adc_static.o
 .debug_info    0x00003138     0x581b build/default/production/_ext/1407244131/drv_tmr_static.o
 .debug_info    0x00008953     0x1b7e build/default/production/_ext/1407244131/drv_tmr_mapping.o
 .debug_info    0x0000a4d1     0x1b2c build/default/production/_ext/327000265/drv_usart_mapping.o
 .debug_info    0x0000bffd     0x3434 build/default/production/_ext/327000265/drv_usart_static.o
 .debug_info    0x0000f431     0x1203 build/default/production/_ext/327000265/drv_usart_static_byte_model.o
 .debug_info    0x00010634     0x15af build/default/production/_ext/639803181/sys_clk_static.o
 .debug_info    0x00011be3     0x4914 build/default/production/_ext/822048611/sys_ports_static.o
 .debug_info    0x000164f7     0x2256 build/default/production/_ext/1688732426/system_init.o
 .debug_info    0x0001874d     0x35b2 build/default/production/_ext/1688732426/system_interrupt.o
 .debug_info    0x0001bcff     0x169d build/default/production/_ext/1688732426/system_exceptions.o
 .debug_info    0x0001d39c      0xa5e build/default/production/_ext/1688732426/system_tasks.o
 .debug_info    0x0001ddfa     0x126d build/default/production/_ext/1360937237/app.o
 .debug_info    0x0001f067     0x2c33 build/default/production/_ext/1360937237/main.o
 .debug_info    0x00021c9a     0x107a build/default/production/_ext/1131074238/midi.o
 .debug_info    0x00022d14     0x29f6 build/default/production/_ext/1360937237/lcd.o
 .debug_info    0x0002570a     0x259a build/default/production/_ext/1360937237/ui.o
 .debug_info    0x00027ca4     0x17eb build/default/production/_ext/1360937237/looping.o
 .debug_info    0x0002948f      0x75c build/default/production/_ext/1360937237/visual.o
 .debug_info    0x00029beb      0xae6 build/default/production/_ext/1360937237/game.o
 .debug_info    0x0002a6d1     0x17b4 build/default/production/_ext/1360937237/settings.o
 .debug_info    0x0002be85     0x1522 build/default/production/_ext/1360937237/seq.o
 .debug_info    0x0002d3a7      0xc4c build/default/production/_ext/1360937237/ble.o
 .debug_info    0x0002dff3     0x113a build/default/production/_ext/1271179505/sys_devcon.o
 .debug_info    0x0002f12d      0xd2b build/default/production/_ext/1271179505/sys_devcon_pic32mx.o
 .debug_info    0x0002fe58     0x1140 build/default/production/_ext/122796885/sys_int_pic32.o
 .debug_info    0x00030f98      0x337 /Applications/microchip/xc32/v1.42/bin/bin/../../lib/gcc/pic32mx/4.8.3/libgcc.a(_ashldi3.o)
 .debug_info    0x000312cf       0xf5 /Applications/microchip/xc32/v1.42/bin/bin/../../lib/gcc/pic32mx/4.8.3/../../../../pic32mx/lib/libpic32.a(default-bootstrap-exception-handler.o)
 .debug_info    0x000313c4       0xcf /Applications/microchip/xc32/v1.42/bin/bin/../../lib/gcc/pic32mx/4.8.3/../../../../pic32mx/lib/libpic32.a(default-on-reset.o)
 .debug_info    0x00031493       0xd7 /Applications/microchip/xc32/v1.42/bin/bin/../../lib/gcc/pic32mx/4.8.3/../../../../pic32mx/lib/libpic32.a(default-on-bootstrap.o)
 .debug_info    0x0003156a       0xe9 /Applications/microchip/xc32/v1.42/bin/bin/../../lib/gcc/pic32mx/4.8.3/../../../../pic32mx/lib/libpic32.a(defaultinterrupt.o)
 .debug_info    0x00031653       0xdf /Applications/microchip/xc32/v1.42/bin/bin/../../lib/gcc/pic32mx/4.8.3/../../../../pic32mx/lib/libc.a(rand.o)

.debug_abbrev   0x00000000     0x36e3
 *(.debug_abbrev)
 .debug_abbrev  0x00000000      0x21c build/default/production/_ext/1361460060/drv_adc_static.o
 .debug_abbrev  0x0000021c      0x379 build/default/production/_ext/1407244131/drv_tmr_static.o
 .debug_abbrev  0x00000595      0x304 build/default/production/_ext/1407244131/drv_tmr_mapping.o
 .debug_abbrev  0x00000899      0x23d build/default/production/_ext/327000265/drv_usart_mapping.o
 .debug_abbrev  0x00000ad6      0x3c4 build/default/production/_ext/327000265/drv_usart_static.o
 .debug_abbrev  0x00000e9a      0x1ae build/default/production/_ext/327000265/drv_usart_static_byte_model.o
 .debug_abbrev  0x00001048      0x27b build/default/production/_ext/639803181/sys_clk_static.o
 .debug_abbrev  0x000012c3      0x267 build/default/production/_ext/822048611/sys_ports_static.o
 .debug_abbrev  0x0000152a      0x2f3 build/default/production/_ext/1688732426/system_init.o
 .debug_abbrev  0x0000181d      0x275 build/default/production/_ext/1688732426/system_interrupt.o
 .debug_abbrev  0x00001a92       0xf6 build/default/production/_ext/1688732426/system_exceptions.o
 .debug_abbrev  0x00001b88       0xc3 build/default/production/_ext/1688732426/system_tasks.o
 .debug_abbrev  0x00001c4b       0xe4 build/default/production/_ext/1360937237/app.o
 .debug_abbrev  0x00001d2f      0x2ea build/default/production/_ext/1360937237/main.o
 .debug_abbrev  0x00002019      0x252 build/default/production/_ext/1131074238/midi.o
 .debug_abbrev  0x0000226b      0x1f0 build/default/production/_ext/1360937237/lcd.o
 .debug_abbrev  0x0000245b      0x276 build/default/production/_ext/1360937237/ui.o
 .debug_abbrev  0x000026d1      0x1a8 build/default/production/_ext/1360937237/looping.o
 .debug_abbrev  0x00002879       0x70 build/default/production/_ext/1360937237/visual.o
 .debug_abbrev  0x000028e9      0x120 build/default/production/_ext/1360937237/game.o
 .debug_abbrev  0x00002a09      0x234 build/default/production/_ext/1360937237/settings.o
 .debug_abbrev  0x00002c3d      0x191 build/default/production/_ext/1360937237/seq.o
 .debug_abbrev  0x00002dce      0x1bc build/default/production/_ext/1360937237/ble.o
 .debug_abbrev  0x00002f8a      0x26d build/default/production/_ext/1271179505/sys_devcon.o
 .debug_abbrev  0x000031f7      0x16d build/default/production/_ext/1271179505/sys_devcon_pic32mx.o
 .debug_abbrev  0x00003364      0x1d0 build/default/production/_ext/122796885/sys_int_pic32.o
 .debug_abbrev  0x00003534       0xc8 /Applications/microchip/xc32/v1.42/bin/bin/../../lib/gcc/pic32mx/4.8.3/libgcc.a(_ashldi3.o)
 .debug_abbrev  0x000035fc       0x28 /Applications/microchip/xc32/v1.42/bin/bin/../../lib/gcc/pic32mx/4.8.3/../../../../pic32mx/lib/libpic32.a(default-bootstrap-exception-handler.o)
 .debug_abbrev  0x00003624       0x28 /Applications/microchip/xc32/v1.42/bin/bin/../../lib/gcc/pic32mx/4.8.3/../../../../pic32mx/lib/libpic32.a(default-on-reset.o)
 .debug_abbrev  0x0000364c       0x28 /Applications/microchip/xc32/v1.42/bin/bin/../../lib/gcc/pic32mx/4.8.3/../../../../pic32mx/lib/libpic32.a(default-on-bootstrap.o)
 .debug_abbrev  0x00003674       0x28 /Applications/microchip/xc32/v1.42/bin/bin/../../lib/gcc/pic32mx/4.8.3/../../../../pic32mx/lib/libpic32.a(defaultinterrupt.o)
 .debug_abbrev  0x0000369c       0x47 /Applications/microchip/xc32/v1.42/bin/bin/../../lib/gcc/pic32mx/4.8.3/../../../../pic32mx/lib/libc.a(rand.o)

.debug_line     0x00000000     0x8544
 *(.debug_line)
 .debug_line    0x00000000      0x726 build/default/production/_ext/1361460060/drv_adc_static.o
 .debug_line    0x00000726      0xe5c build/default/production/_ext/1407244131/drv_tmr_static.o
 .debug_line    0x00001582      0x5c4 build/default/production/_ext/1407244131/drv_tmr_mapping.o
 .debug_line    0x00001b46      0x490 build/default/production/_ext/327000265/drv_usart_mapping.o
 .debug_line    0x00001fd6      0x7d3 build/default/production/_ext/327000265/drv_usart_static.o
 .debug_line    0x000027a9      0x3fc build/default/production/_ext/327000265/drv_usart_static_byte_model.o
 .debug_line    0x00002ba5      0x44d build/default/production/_ext/639803181/sys_clk_static.o
 .debug_line    0x00002ff2      0x8d5 build/default/production/_ext/822048611/sys_ports_static.o
 .debug_line    0x000038c7      0x8bb build/default/production/_ext/1688732426/system_init.o
 .debug_line    0x00004182      0x6bc build/default/production/_ext/1688732426/system_interrupt.o
 .debug_line    0x0000483e      0x24b build/default/production/_ext/1688732426/system_exceptions.o
 .debug_line    0x00004a89      0x286 build/default/production/_ext/1688732426/system_tasks.o
 .debug_line    0x00004d0f      0x1f5 build/default/production/_ext/1360937237/app.o
 .debug_line    0x00004f04      0x62d build/default/production/_ext/1360937237/main.o
 .debug_line    0x00005531      0x377 build/default/production/_ext/1131074238/midi.o
 .debug_line    0x000058a8      0x4c8 build/default/production/_ext/1360937237/lcd.o
 .debug_line    0x00005d70      0x695 build/default/production/_ext/1360937237/ui.o
 .debug_line    0x00006405      0x27d build/default/production/_ext/1360937237/looping.o
 .debug_line    0x00006682       0xb6 build/default/production/_ext/1360937237/visual.o
 .debug_line    0x00006738      0x153 build/default/production/_ext/1360937237/game.o
 .debug_line    0x0000688b      0x44a build/default/production/_ext/1360937237/settings.o
 .debug_line    0x00006cd5      0x247 build/default/production/_ext/1360937237/seq.o
 .debug_line    0x00006f1c      0x38e build/default/production/_ext/1360937237/ble.o
 .debug_line    0x000072aa      0x643 build/default/production/_ext/1271179505/sys_devcon.o
 .debug_line    0x000078ed      0x4e1 build/default/production/_ext/1271179505/sys_devcon_pic32mx.o
 .debug_line    0x00007dce      0x3c8 build/default/production/_ext/122796885/sys_int_pic32.o
 .debug_line    0x00008196       0xad /Applications/microchip/xc32/v1.42/bin/bin/../../lib/gcc/pic32mx/4.8.3/libgcc.a(_ashldi3.o)
 .debug_line    0x00008243       0xa9 /Applications/microchip/xc32/v1.42/bin/bin/../../lib/gcc/pic32mx/4.8.3/../../../../pic32mx/lib/libpic32.a(default-bootstrap-exception-handler.o)
 .debug_line    0x000082ec       0x96 /Applications/microchip/xc32/v1.42/bin/bin/../../lib/gcc/pic32mx/4.8.3/../../../../pic32mx/lib/libpic32.a(default-on-reset.o)
 .debug_line    0x00008382       0x9a /Applications/microchip/xc32/v1.42/bin/bin/../../lib/gcc/pic32mx/4.8.3/../../../../pic32mx/lib/libpic32.a(default-on-bootstrap.o)
 .debug_line    0x0000841c       0xa8 /Applications/microchip/xc32/v1.42/bin/bin/../../lib/gcc/pic32mx/4.8.3/../../../../pic32mx/lib/libpic32.a(defaultinterrupt.o)
 .debug_line    0x000084c4       0x80 /Applications/microchip/xc32/v1.42/bin/bin/../../lib/gcc/pic32mx/4.8.3/../../../../pic32mx/lib/libc.a(rand.o)

.debug_frame    0x00000000     0x1874
 *(.debug_frame)
 .debug_frame   0x00000000       0xd0 build/default/production/_ext/1361460060/drv_adc_static.o
 .debug_frame   0x000000d0      0x3b0 build/default/production/_ext/1407244131/drv_tmr_static.o
 .debug_frame   0x00000480      0x218 build/default/production/_ext/1407244131/drv_tmr_mapping.o
 .debug_frame   0x00000698      0x1a8 build/default/production/_ext/327000265/drv_usart_mapping.o
 .debug_frame   0x00000840      0x150 build/default/production/_ext/327000265/drv_usart_static.o
 .debug_frame   0x00000990       0xd0 build/default/production/_ext/327000265/drv_usart_static_byte_model.o
 .debug_frame   0x00000a60       0xa0 build/default/production/_ext/639803181/sys_clk_static.o
 .debug_frame   0x00000b00      0x1f0 build/default/production/_ext/822048611/sys_ports_static.o
 .debug_frame   0x00000cf0       0x2c build/default/production/_ext/1688732426/system_init.o
 .debug_frame   0x00000d1c      0x188 build/default/production/_ext/1688732426/system_interrupt.o
 .debug_frame   0x00000ea4       0x28 build/default/production/_ext/1688732426/system_exceptions.o
 .debug_frame   0x00000ecc       0x28 build/default/production/_ext/1688732426/system_tasks.o
 .debug_frame   0x00000ef4       0x30 build/default/production/_ext/1360937237/app.o
 .debug_frame   0x00000f24       0x78 build/default/production/_ext/1360937237/main.o
 .debug_frame   0x00000f9c       0xf0 build/default/production/_ext/1131074238/midi.o
 .debug_frame   0x0000108c      0x2c4 build/default/production/_ext/1360937237/lcd.o
 .debug_frame   0x00001350       0xbc build/default/production/_ext/1360937237/ui.o
 .debug_frame   0x0000140c       0x50 build/default/production/_ext/1360937237/looping.o
 .debug_frame   0x0000145c       0x38 build/default/production/_ext/1360937237/game.o
 .debug_frame   0x00001494       0x84 build/default/production/_ext/1360937237/settings.o
 .debug_frame   0x00001518       0x48 build/default/production/_ext/1360937237/seq.o
 .debug_frame   0x00001560       0x98 build/default/production/_ext/1360937237/ble.o
 .debug_frame   0x000015f8       0xe8 build/default/production/_ext/1271179505/sys_devcon.o
 .debug_frame   0x000016e0       0x28 build/default/production/_ext/1271179505/sys_devcon_pic32mx.o
 .debug_frame   0x00001708       0x90 build/default/production/_ext/122796885/sys_int_pic32.o
 .debug_frame   0x00001798       0x20 /Applications/microchip/xc32/v1.42/bin/bin/../../lib/gcc/pic32mx/4.8.3/libgcc.a(_ashldi3.o)
 .debug_frame   0x000017b8       0x2c /Applications/microchip/xc32/v1.42/bin/bin/../../lib/gcc/pic32mx/4.8.3/../../../../pic32mx/lib/libpic32.a(default-bootstrap-exception-handler.o)
 .debug_frame   0x000017e4       0x20 /Applications/microchip/xc32/v1.42/bin/bin/../../lib/gcc/pic32mx/4.8.3/../../../../pic32mx/lib/libpic32.a(default-on-reset.o)
 .debug_frame   0x00001804       0x20 /Applications/microchip/xc32/v1.42/bin/bin/../../lib/gcc/pic32mx/4.8.3/../../../../pic32mx/lib/libpic32.a(default-on-bootstrap.o)
 .debug_frame   0x00001824       0x20 /Applications/microchip/xc32/v1.42/bin/bin/../../lib/gcc/pic32mx/4.8.3/../../../../pic32mx/lib/libpic32.a(defaultinterrupt.o)
 .debug_frame   0x00001844       0x30 /Applications/microchip/xc32/v1.42/bin/bin/../../lib/gcc/pic32mx/4.8.3/../../../../pic32mx/lib/libc.a(rand.o)

.debug_str      0x00000000      0x4e8
 *(.debug_str)
 .debug_str     0x00000000       0x69 build/default/production/_ext/1361460060/drv_adc_static.o
 .debug_str     0x00000069       0x87 build/default/production/_ext/1407244131/drv_tmr_static.o
 .debug_str     0x000000f0        0xe build/default/production/_ext/1407244131/drv_tmr_mapping.o
 .debug_str     0x000000fe       0x23 build/default/production/_ext/327000265/drv_usart_mapping.o
 .debug_str     0x00000121       0xe8 build/default/production/_ext/327000265/drv_usart_static.o
 .debug_str     0x00000209       0x10 build/default/production/_ext/327000265/drv_usart_static_byte_model.o
 .debug_str     0x00000219       0x39 build/default/production/_ext/639803181/sys_clk_static.o
 .debug_str     0x00000252       0x81 build/default/production/_ext/822048611/sys_ports_static.o
 .debug_str     0x000002d3       0x19 build/default/production/_ext/1688732426/system_init.o
 .debug_str     0x000002ec        0x6 build/default/production/_ext/1688732426/system_interrupt.o
 .debug_str     0x000002f2        0x0 build/default/production/_ext/1688732426/system_exceptions.o
 .debug_str     0x000002f2        0x0 build/default/production/_ext/1688732426/system_tasks.o
 .debug_str     0x000002f2        0x0 build/default/production/_ext/1360937237/app.o
 .debug_str     0x000002f2       0x46 build/default/production/_ext/1360937237/main.o
 .debug_str     0x00000338        0xf build/default/production/_ext/1131074238/midi.o
 .debug_str     0x00000347        0x6 build/default/production/_ext/1360937237/lcd.o
 .debug_str     0x0000034d       0x6d build/default/production/_ext/1360937237/ui.o
 .debug_str     0x000003ba       0x4c build/default/production/_ext/1360937237/looping.o
 .debug_str     0x00000406        0x0 build/default/production/_ext/1360937237/visual.o
 .debug_str     0x00000406       0x3d build/default/production/_ext/1360937237/game.o
 .debug_str     0x00000443       0x3f build/default/production/_ext/1360937237/settings.o
 .debug_str     0x00000482       0x17 build/default/production/_ext/1360937237/seq.o
 .debug_str     0x00000499        0x6 build/default/production/_ext/1360937237/ble.o
 .debug_str     0x0000049f       0x16 build/default/production/_ext/1271179505/sys_devcon.o
 .debug_str     0x000004b5        0x6 build/default/production/_ext/1271179505/sys_devcon_pic32mx.o
 .debug_str     0x000004bb       0x2d build/default/production/_ext/122796885/sys_int_pic32.o
 .debug_str     0x000004e8        0x0 /Applications/microchip/xc32/v1.42/bin/bin/../../lib/gcc/pic32mx/4.8.3/libgcc.a(_ashldi3.o)
 .debug_str     0x000004e8        0x0 /Applications/microchip/xc32/v1.42/bin/bin/../../lib/gcc/pic32mx/4.8.3/../../../../pic32mx/lib/libpic32.a(default-bootstrap-exception-handler.o)
 .debug_str     0x000004e8        0x0 /Applications/microchip/xc32/v1.42/bin/bin/../../lib/gcc/pic32mx/4.8.3/../../../../pic32mx/lib/libpic32.a(default-on-reset.o)
 .debug_str     0x000004e8        0x0 /Applications/microchip/xc32/v1.42/bin/bin/../../lib/gcc/pic32mx/4.8.3/../../../../pic32mx/lib/libpic32.a(default-on-bootstrap.o)
 .debug_str     0x000004e8        0x0 /Applications/microchip/xc32/v1.42/bin/bin/../../lib/gcc/pic32mx/4.8.3/../../../../pic32mx/lib/libpic32.a(defaultinterrupt.o)
 .debug_str     0x000004e8        0x0 /Applications/microchip/xc32/v1.42/bin/bin/../../lib/gcc/pic32mx/4.8.3/../../../../pic32mx/lib/libc.a(rand.o)

.debug_loc      0x00000000     0x470b
 *(.debug_loc)
 .debug_loc     0x00000000      0x111 build/default/production/_ext/1361460060/drv_adc_static.o
 .debug_loc     0x00000111      0xd64 build/default/production/_ext/1407244131/drv_tmr_static.o
 .debug_loc     0x00000e75      0x738 build/default/production/_ext/1407244131/drv_tmr_mapping.o
 .debug_loc     0x000015ad      0x655 build/default/production/_ext/327000265/drv_usart_mapping.o
 .debug_loc     0x00001c02      0x616 build/default/production/_ext/327000265/drv_usart_static.o
 .debug_loc     0x00002218       0x49 build/default/production/_ext/639803181/sys_clk_static.o
 .debug_loc     0x00002261      0xecf build/default/production/_ext/822048611/sys_ports_static.o
 .debug_loc     0x00003130       0xb0 build/default/production/_ext/1688732426/system_init.o
 .debug_loc     0x000031e0      0x367 build/default/production/_ext/1688732426/system_interrupt.o
 .debug_loc     0x00003547       0x14 build/default/production/_ext/1360937237/app.o
 .debug_loc     0x0000355b      0x115 build/default/production/_ext/1360937237/main.o
 .debug_loc     0x00003670      0x347 build/default/production/_ext/1131074238/midi.o
 .debug_loc     0x000039b7      0x507 build/default/production/_ext/1360937237/lcd.o
 .debug_loc     0x00003ebe       0x7d build/default/production/_ext/1360937237/ui.o
 .debug_loc     0x00003f3b       0x9c build/default/production/_ext/1360937237/looping.o
 .debug_loc     0x00003fd7      0x33d build/default/production/_ext/1360937237/settings.o
 .debug_loc     0x00004314      0x10c build/default/production/_ext/1360937237/ble.o
 .debug_loc     0x00004420       0xf0 build/default/production/_ext/1271179505/sys_devcon.o
 .debug_loc     0x00004510       0xec build/default/production/_ext/1271179505/sys_devcon_pic32mx.o
 .debug_loc     0x000045fc       0x8d build/default/production/_ext/122796885/sys_int_pic32.o
 .debug_loc     0x00004689       0x82 /Applications/microchip/xc32/v1.42/bin/bin/../../lib/gcc/pic32mx/4.8.3/libgcc.a(_ashldi3.o)

.debug_macinfo
 *(.debug_macinfo)

.debug_weaknames
 *(.debug_weaknames)

.debug_funcnames
 *(.debug_funcnames)

.debug_typenames
 *(.debug_typenames)

.debug_varnames
 *(.debug_varnames)

.debug_pubtypes
 *(.debug_pubtypes)

.debug_ranges   0x00000000      0xbc0
 *(.debug_ranges)
 .debug_ranges  0x00000000       0x68 build/default/production/_ext/1361460060/drv_adc_static.o
 .debug_ranges  0x00000068      0x290 build/default/production/_ext/1407244131/drv_tmr_static.o
 .debug_ranges  0x000002f8       0xd8 build/default/production/_ext/1407244131/drv_tmr_mapping.o
 .debug_ranges  0x000003d0       0x98 build/default/production/_ext/327000265/drv_usart_mapping.o
 .debug_ranges  0x00000468       0xf8 build/default/production/_ext/327000265/drv_usart_static.o
 .debug_ranges  0x00000560       0x68 build/default/production/_ext/327000265/drv_usart_static_byte_model.o
 .debug_ranges  0x000005c8       0x40 build/default/production/_ext/639803181/sys_clk_static.o
 .debug_ranges  0x00000608       0xf8 build/default/production/_ext/822048611/sys_ports_static.o
 .debug_ranges  0x00000700       0x10 build/default/production/_ext/1688732426/system_init.o
 .debug_ranges  0x00000710       0x30 build/default/production/_ext/1688732426/system_interrupt.o
 .debug_ranges  0x00000740       0x10 build/default/production/_ext/1688732426/system_exceptions.o
 .debug_ranges  0x00000750       0x10 build/default/production/_ext/1688732426/system_tasks.o
 .debug_ranges  0x00000760       0x18 build/default/production/_ext/1360937237/app.o
 .debug_ranges  0x00000778       0x50 build/default/production/_ext/1360937237/main.o
 .debug_ranges  0x000007c8       0x50 build/default/production/_ext/1131074238/midi.o
 .debug_ranges  0x00000818       0xe8 build/default/production/_ext/1360937237/lcd.o
 .debug_ranges  0x00000900       0x40 build/default/production/_ext/1360937237/ui.o
 .debug_ranges  0x00000940       0x20 build/default/production/_ext/1360937237/looping.o
 .debug_ranges  0x00000960       0x18 build/default/production/_ext/1360937237/game.o
 .debug_ranges  0x00000978       0x88 build/default/production/_ext/1360937237/settings.o
 .debug_ranges  0x00000a00       0x38 build/default/production/_ext/1360937237/seq.o
 .debug_ranges  0x00000a38       0x68 build/default/production/_ext/1360937237/ble.o
 .debug_ranges  0x00000aa0       0x68 build/default/production/_ext/1271179505/sys_devcon.o
 .debug_ranges  0x00000b08       0x10 build/default/production/_ext/1271179505/sys_devcon_pic32mx.o
 .debug_ranges  0x00000b18       0x50 build/default/production/_ext/122796885/sys_int_pic32.o
 .debug_ranges  0x00000b68       0x10 /Applications/microchip/xc32/v1.42/bin/bin/../../lib/gcc/pic32mx/4.8.3/../../../../pic32mx/lib/libpic32.a(default-bootstrap-exception-handler.o)
 .debug_ranges  0x00000b78       0x10 /Applications/microchip/xc32/v1.42/bin/bin/../../lib/gcc/pic32mx/4.8.3/../../../../pic32mx/lib/libpic32.a(default-on-reset.o)
 .debug_ranges  0x00000b88       0x10 /Applications/microchip/xc32/v1.42/bin/bin/../../lib/gcc/pic32mx/4.8.3/../../../../pic32mx/lib/libpic32.a(default-on-bootstrap.o)
 .debug_ranges  0x00000b98       0x10 /Applications/microchip/xc32/v1.42/bin/bin/../../lib/gcc/pic32mx/4.8.3/../../../../pic32mx/lib/libpic32.a(defaultinterrupt.o)
 .debug_ranges  0x00000ba8       0x18 /Applications/microchip/xc32/v1.42/bin/bin/../../lib/gcc/pic32mx/4.8.3/../../../../pic32mx/lib/libc.a(rand.o)

.gnu.attributes
                0x00000000       0x10
 *(.gnu.attributes)
 .gnu.attributes
                0x00000000       0x10 build/default/production/_ext/1361460060/drv_adc_static.o
 .gnu.attributes
                0x00000010       0x10 build/default/production/_ext/1407244131/drv_tmr_static.o
 .gnu.attributes
                0x00000020       0x10 build/default/production/_ext/1407244131/drv_tmr_mapping.o
 .gnu.attributes
                0x00000030       0x10 build/default/production/_ext/327000265/drv_usart_mapping.o
 .gnu.attributes
                0x00000040       0x10 build/default/production/_ext/327000265/drv_usart_static.o
 .gnu.attributes
                0x00000050       0x10 build/default/production/_ext/327000265/drv_usart_static_byte_model.o
 .gnu.attributes
                0x00000060       0x10 build/default/production/_ext/639803181/sys_clk_static.o
 .gnu.attributes
                0x00000070       0x10 build/default/production/_ext/822048611/sys_ports_static.o
 .gnu.attributes
                0x00000080       0x10 build/default/production/_ext/1688732426/system_init.o
 .gnu.attributes
                0x00000090       0x10 build/default/production/_ext/1688732426/system_interrupt.o
 .gnu.attributes
                0x000000a0       0x10 build/default/production/_ext/1688732426/system_exceptions.o
 .gnu.attributes
                0x000000b0       0x10 build/default/production/_ext/1688732426/system_tasks.o
 .gnu.attributes
                0x000000c0       0x10 build/default/production/_ext/1360937237/app.o
 .gnu.attributes
                0x000000d0       0x10 build/default/production/_ext/1360937237/main.o
 .gnu.attributes
                0x000000e0       0x10 build/default/production/_ext/1131074238/midi.o
 .gnu.attributes
                0x000000f0       0x10 build/default/production/_ext/1360937237/lcd.o
 .gnu.attributes
                0x00000100       0x10 build/default/production/_ext/1360937237/ui.o
 .gnu.attributes
                0x00000110       0x10 build/default/production/_ext/1360937237/looping.o
 .gnu.attributes
                0x00000120       0x10 build/default/production/_ext/1360937237/visual.o
 .gnu.attributes
                0x00000130       0x10 build/default/production/_ext/1360937237/game.o
 .gnu.attributes
                0x00000140       0x10 build/default/production/_ext/1360937237/settings.o
 .gnu.attributes
                0x00000150       0x10 build/default/production/_ext/1360937237/seq.o
 .gnu.attributes
                0x00000160       0x10 build/default/production/_ext/1360937237/ble.o
 .gnu.attributes
                0x00000170       0x10 build/default/production/_ext/1271179505/sys_devcon.o
 .gnu.attributes
                0x00000180       0x10 build/default/production/_ext/1271179505/sys_devcon_pic32mx.o
 .gnu.attributes
                0x00000190       0x10 build/default/production/_ext/122796885/sys_int_pic32.o
 .gnu.attributes
                0x000001a0       0x10 /Applications/microchip/xc32/v1.42/bin/bin/../../lib/gcc/pic32mx/4.8.3/libgcc.a(_ashldi3.o)
 .gnu.attributes
                0x000001b0       0x10 /Applications/microchip/xc32/v1.42/bin/bin/../../lib/gcc/pic32mx/4.8.3/../../../../pic32mx/lib/libpic32.a(default-bootstrap-exception-handler.o)
 .gnu.attributes
                0x000001c0       0x10 /Applications/microchip/xc32/v1.42/bin/bin/../../lib/gcc/pic32mx/4.8.3/../../../../pic32mx/lib/libpic32.a(default-on-reset.o)
 .gnu.attributes
                0x000001d0       0x10 /Applications/microchip/xc32/v1.42/bin/bin/../../lib/gcc/pic32mx/4.8.3/../../../../pic32mx/lib/libpic32.a(default-on-bootstrap.o)
 .gnu.attributes
                0x000001e0       0x10 /Applications/microchip/xc32/v1.42/bin/bin/../../lib/gcc/pic32mx/4.8.3/../../../../pic32mx/lib/libpic32.a(defaultinterrupt.o)
 .gnu.attributes
                0x000001f0       0x10 /Applications/microchip/xc32/v1.42/bin/bin/../../lib/gcc/pic32mx/4.8.3/../../../../pic32mx/lib/libc.a(rand.o)
LOAD /Applications/microchip/xc32/v1.42/bin/bin/../../lib/gcc/pic32mx/4.8.3/libgcc.a
START GROUP
LOAD /Applications/microchip/xc32/v1.42/bin/bin/../../lib/gcc/pic32mx/4.8.3/../../../../pic32mx/lib/libpic32.a
LOAD /Applications/microchip/xc32/v1.42/bin/bin/../../lib/gcc/pic32mx/4.8.3/../../../../pic32mx/lib/libdebug.a
LOAD /Applications/microchip/xc32/v1.42/bin/bin/../../lib/gcc/pic32mx/4.8.3/../../../../pic32mx/lib/libpic32.a
LOAD /Applications/microchip/xc32/v1.42/bin/bin/../../lib/gcc/pic32mx/4.8.3/../../../../pic32mx/lib/libm.a
LOAD /Applications/microchip/xc32/v1.42/bin/bin/../../lib/gcc/pic32mx/4.8.3/../../../../pic32mx/lib/libe.a
LOAD /Applications/microchip/xc32/v1.42/bin/bin/../../lib/gcc/pic32mx/4.8.3/../../../../pic32mx/lib/libdsp.a
LOAD /Applications/microchip/xc32/v1.42/bin/bin/../../lib/gcc/pic32mx/4.8.3/libgcc.a
LOAD /Applications/microchip/xc32/v1.42/bin/bin/../../lib/gcc/pic32mx/4.8.3/../../../../pic32mx/lib/libc.a
LOAD /Applications/microchip/xc32/v1.42/bin/bin/../../lib/gcc/pic32mx/4.8.3/../../../../pic32mx/lib/libc.a
LOAD /Applications/microchip/xc32/v1.42/bin/bin/../../lib/gcc/pic32mx/4.8.3/../../../../pic32mx/lib/libpic32.a
END GROUP
LOAD /Applications/microchip/xc32/v1.42/bin/bin/../../lib/gcc/pic32mx/4.8.3/libgcc.a
OUTPUT(dist/default/production/The_MIDI_Gridy.X.production.elf elf32-tradlittlemips)
LOAD stack
LOAD data_init

.reginfo        0x00000000       0x18
 .reginfo       0x00000000       0x18 /Applications/microchip/xc32/v1.42/bin/bin/../../lib/gcc/pic32mx/4.8.3/../../../../pic32mx/lib/./proc/32MX360F512L/crt0_mips32r2.o

.stack          0xa0004658      0x400
 .stack         0xa0004658      0x400 stack

.data           0xa0000ae4     0x3aa4
 .data          0xa0000ae4     0x2a14 build/default/production/_ext/1360937237/visual.o
                0xa0000ae4                recording
                0xa0000b84                getready
                0xa0000c20                rf
                0xa0000d1c                on
                0xa0000d28                le
                0xa0000ddc                off
                0xa0000de8                keep
                0xa0000e30                mg
                0xa0000e3c                record
                0xa0000eac                re
                0xa0000f7c                ms
                0xa0000f88                ml
                0xa0000f94                erase
                0xa0000fe4                reset
                0xa0001038                music
                0xa0001044                scale
                0xa0001090                rate
                0xa00010d4                scratch
                0xa0001148                arrow
                0xa0001164                back
                0xa00011b0                bluetooth
                0xa00011bc                inst
                0xa000126c                pp
                0xa0001318                UI2
                0xa0001a98                length
                0xa0001b08                rows
                0xa0001bc0                trans
                0xa0002340                UI
                0xa0002ac0                ss
                0xa0002b58                seq
                0xa0002c0c                lp
                0xa0002c90                game
                0xa0002cec                freeplay
                0xa0002d78                startup
 .data          0xa00034f8     0x1020 build/default/production/_ext/1360937237/game.o
                0xa00034f8                gameTest
                0xa00044e8                gameScale
 .data          0xa0004518       0x70 build/default/production/_ext/1688732426/system_interrupt.o
                0xa0004518                encoderStates
                0xa0004528                led_anode
                0xa0004558                led_GND

.bss            0xa0004588       0x60
 .bss           0xa0004588       0x60 build/default/production/_ext/1360937237/main.o
                0xa0004588                prevPressureSwitch
                0xa00045b8                pressureSwitch

.data           0xa00045e8       0x3c
 .data          0xa00045e8       0x24 build/default/production/_ext/1360937237/settings.o
                0xa00045e8                volCollection
                0xa00045f4                scaleCollection
                0xa0004600                rateCollection
 .data          0xa000460c       0x18 build/default/production/_ext/1360937237/main.o
                0xa000460c                power

.bss            0xa0004628       0x10
 .bss           0xa0004628       0x10 /Applications/microchip/xc32/v1.42/bin/bin/../../lib/gcc/pic32mx/4.8.3/../../../../pic32mx/lib/libc.a(rand.o)

._debug_exception
                0xbfc00480       0x2c
 ._debug_exception
                0xbfc00480       0x2c /Applications/microchip/xc32/v1.42/bin/bin/../../lib/gcc/pic32mx/4.8.3/../../../../pic32mx/lib/debug-exception-return.o
                0xbfc00480                __DbgExecReturn

.dinit          0x9d000000     0x3c80
 .dinit         0x9d000000     0x3c80 data_init

.text.encoderRightClick
                0x9d003c80      0x6f0
 .text.encoderRightClick
                0x9d003c80      0x6f0 build/default/production/_ext/1360937237/ui.o
                0x9d003c80                encoderRightClick

.text.IntHandlerDrvTmrInstance0
                0x9d004370      0x61c
 .text.IntHandlerDrvTmrInstance0
                0x9d004370      0x61c build/default/production/_ext/1688732426/system_interrupt.o
                0x9d004370                IntHandlerDrvTmrInstance0

.text.buttonScan
                0x9d00498c      0x5f0
 .text.buttonScan
                0x9d00498c      0x5f0 build/default/production/_ext/1360937237/main.o
                0x9d00498c                buttonScan

.text.encoderRightDe
                0x9d004f7c      0x484
 .text.encoderRightDe
                0x9d004f7c      0x484 build/default/production/_ext/1360937237/ui.o
                0x9d004f7c                encoderRightDe

.text.encoderRightIn
                0x9d005400      0x46c
 .text.encoderRightIn
                0x9d005400      0x46c build/default/production/_ext/1360937237/ui.o
                0x9d005400                encoderRightIn

.text._IntHandlerChangeNotification
                0x9d00586c      0x30c
 .text._IntHandlerChangeNotification
                0x9d00586c      0x30c build/default/production/_ext/1688732426/system_interrupt.o
                0x9d00586c                _IntHandlerChangeNotification

.text.IntHandlerDrvTmrInstance1
                0x9d005b78      0x2dc
 .text.IntHandlerDrvTmrInstance1
                0x9d005b78      0x2dc build/default/production/_ext/1688732426/system_interrupt.o
                0x9d005b78                IntHandlerDrvTmrInstance1

.text.rowSet    0x9d005e54      0x2a0
 .text.rowSet   0x9d005e54      0x2a0 build/default/production/_ext/1360937237/settings.o
                0x9d005e54                rowSet

.text.lcdUpdateSeq
                0x9d0060f4      0x294
 .text.lcdUpdateSeq
                0x9d0060f4      0x294 build/default/production/_ext/1360937237/lcd.o
                0x9d0060f4                lcdUpdateSeq

.text.midiSamplePlay
                0x9d006388      0x270
 .text.midiSamplePlay
                0x9d006388      0x270 build/default/production/_ext/1360937237/ui.o
                0x9d006388                midiSamplePlay

.text.lcdUpdateLoop
                0x9d0065f8      0x23c
 .text.lcdUpdateLoop
                0x9d0065f8      0x23c build/default/production/_ext/1360937237/lcd.o
                0x9d0065f8                lcdUpdateLoop

.text.loopPlay  0x9d006834      0x224
 .text.loopPlay
                0x9d006834      0x224 build/default/production/_ext/1360937237/looping.o
                0x9d006834                loopPlay

.text.itoc      0x9d006a58      0x224
 .text.itoc     0x9d006a58      0x224 build/default/production/_ext/1360937237/ble.o
                0x9d006a58                itoc

.text.pureButtonScan
                0x9d006c7c      0x1e4
 .text.pureButtonScan
                0x9d006c7c      0x1e4 build/default/production/_ext/1360937237/main.o
                0x9d006c7c                pureButtonScan

.text.lcdUpdate
                0x9d006e60      0x18c
 .text.lcdUpdate
                0x9d006e60      0x18c build/default/production/_ext/1360937237/lcd.o
                0x9d006e60                lcdUpdate

.text.lcdUpdateFree
                0x9d006fec      0x18c
 .text.lcdUpdateFree
                0x9d006fec      0x18c build/default/production/_ext/1360937237/lcd.o
                0x9d006fec                lcdUpdateFree

.text.encoderLeftClick
                0x9d007178      0x18c
 .text.encoderLeftClick
                0x9d007178      0x18c build/default/production/_ext/1360937237/ui.o
                0x9d007178                encoderLeftClick

.text.gamePlay  0x9d007304      0x184
 .text.gamePlay
                0x9d007304      0x184 build/default/production/_ext/1360937237/game.o
                0x9d007304                gamePlay

.text.loopingRecord
                0x9d007488      0x178
 .text.loopingRecord
                0x9d007488      0x178 build/default/production/_ext/1360937237/looping.o
                0x9d007488                loopingRecord

.text.instSet   0x9d007600      0x178
 .text.instSet  0x9d007600      0x178 build/default/production/_ext/1360937237/settings.o
                0x9d007600                instSet

.text.IntHandlerDrvTmrInstance2
                0x9d007778      0x174
 .text.IntHandlerDrvTmrInstance2
                0x9d007778      0x174 build/default/production/_ext/1688732426/system_interrupt.o
                0x9d007778                IntHandlerDrvTmrInstance2

.text.scaleSet  0x9d0078ec      0x16c
 .text.scaleSet
                0x9d0078ec      0x16c build/default/production/_ext/1360937237/settings.o
                0x9d0078ec                scaleSet

.text.lcdUpdate2
                0x9d007a58      0x144
 .text.lcdUpdate2
                0x9d007a58      0x144 build/default/production/_ext/1360937237/lcd.o
                0x9d007a58                lcdUpdate2

.text.SYS_Initialize
                0x9d007b9c      0x138
 .text.SYS_Initialize
                0x9d007b9c      0x138 build/default/production/_ext/1688732426/system_init.o
                0x9d007b9c                SYS_Initialize

.text.lcdUpdateGame
                0x9d007cd4      0x134
 .text.lcdUpdateGame
                0x9d007cd4      0x134 build/default/production/_ext/1360937237/lcd.o
                0x9d007cd4                lcdUpdateGame

.text.DRV_USART0_Initialize
                0x9d007e08      0x128
 .text.DRV_USART0_Initialize
                0x9d007e08      0x128 build/default/production/_ext/327000265/drv_usart_static.o
                0x9d007e08                DRV_USART0_Initialize

.text.DRV_USART1_Initialize
                0x9d007f30      0x128
 .text.DRV_USART1_Initialize
                0x9d007f30      0x128 build/default/production/_ext/327000265/drv_usart_static.o
                0x9d007f30                DRV_USART1_Initialize

.rodata         0x9d008058      0x128
 .rodata        0x9d008058      0x128 build/default/production/_ext/1688732426/system_exceptions.o

.text.main      0x9d008180      0x124
 .text.main     0x9d008180      0x124 build/default/production/_ext/1360937237/main.o
                0x9d008180                main

.text.seqPlaySound
                0x9d0082a4      0x124
 .text.seqPlaySound
                0x9d0082a4      0x124 build/default/production/_ext/1360937237/seq.o
                0x9d0082a4                seqPlaySound

.text.DRV_ADC_Initialize
                0x9d0083c8      0x11c
 .text.DRV_ADC_Initialize
                0x9d0083c8      0x11c build/default/production/_ext/1361460060/drv_adc_static.o
                0x9d0083c8                DRV_ADC_Initialize

.text.lcdInit   0x9d0084e4      0x10c
 .text.lcdInit  0x9d0084e4      0x10c build/default/production/_ext/1360937237/lcd.o
                0x9d0084e4                lcdInit

.text.lcdSendInst
                0x9d0085f0       0xf4
 .text.lcdSendInst
                0x9d0085f0       0xf4 build/default/production/_ext/1360937237/lcd.o
                0x9d0085f0                lcdSendInst

.text.lcdSendData
                0x9d0086e4       0xf4
 .text.lcdSendData
                0x9d0086e4       0xf4 build/default/production/_ext/1360937237/lcd.o
                0x9d0086e4                lcdSendData

.text.lcdDisplayMenu
                0x9d0087d8       0xec
 .text.lcdDisplayMenu
                0x9d0087d8       0xec build/default/production/_ext/1360937237/lcd.o
                0x9d0087d8                lcdDisplayMenu

.text.SYS_DEVCON_PerformanceConfig
                0x9d0088c4       0xdc
 .text.SYS_DEVCON_PerformanceConfig
                0x9d0088c4       0xdc build/default/production/_ext/1271179505/sys_devcon_pic32mx.o
                0x9d0088c4                SYS_DEVCON_PerformanceConfig

.text.general_exception
                0x9d0089a0       0xdc
 .text.general_exception
                0x9d0089a0       0xdc /Applications/microchip/xc32/v1.42/bin/bin/../../lib/gcc/pic32mx/4.8.3/../../../../pic32mx/lib/libpic32.a(general-exception.o)
                0x9d0089a0                _general_exception_context

.text.encoderLeftDe
                0x9d008a7c       0xd0
 .text.encoderLeftDe
                0x9d008a7c       0xd0 build/default/production/_ext/1360937237/ui.o
                0x9d008a7c                encoderLeftDe

.text.encoderLeftIn
                0x9d008b4c       0xcc
 .text.encoderLeftIn
                0x9d008b4c       0xcc build/default/production/_ext/1360937237/ui.o
                0x9d008b4c                encoderLeftIn

.text.lcdUpdateIcon
                0x9d008c18       0xac
 .text.lcdUpdateIcon
                0x9d008c18       0xac build/default/production/_ext/1360937237/lcd.o
                0x9d008c18                lcdUpdateIcon

.text.lcdUpdateIcon2
                0x9d008cc4       0xac
 .text.lcdUpdateIcon2
                0x9d008cc4       0xac build/default/production/_ext/1360937237/lcd.o
                0x9d008cc4                lcdUpdateIcon2

.text.lcdUpdateLoopOption
                0x9d008d70       0xac
 .text.lcdUpdateLoopOption